Microchip MPLAB XC8 Compiler V2.46

Linker command line:

-W-3 \
  --edf=C:\Program Files\Microchip\xc8\v2.46\pic\dat\20240104201356_en.msgs \
  -cn -h+dist/default/debug\PICMcuMax7219AlarmClock.X.debug.sym \
  --cmf=dist/default/debug\PICMcuMax7219AlarmClock.X.debug.cmf -z \
  -Q18F26K20 -oC:\Users\martin\AppData\Local\Temp\xcAsplg.\driver_tmp_3.o \
  --defsym=__MPLAB_BUILD=1 --fixupoverflow=error \
  -Mdist/default/debug/PICMcuMax7219AlarmClock.X.debug.map \
  --md=C:\Users\martin\AppData\Local\Temp\xcAsplg.\driver_tmp_0.dat -E1 \
  -ver=XC8 Compiler --acfsm=1493 -ACODE=00h-0FD2Fh -ACONST=00h-0FD2Fh \
  -ASMALLCONST=01000h-010FFhx237,0FD00h-0FD2Fh -AMEDIUMCONST=01000h-0FD2Fh \
  -ACOMRAM=01h-05Fh -AABS1=00h-0EEEh,0F00h-0F5Fh \
  -ABIGRAM=01h-0EEEh,0F00h-0F5Fh \
  -ARAM=060h-0FFh,0100h-01FFhx13,0E00h-0EEEh,0F00h-0F5Fh -ABANK0=060h-0FFh \
  -ABANK1=0100h-01FFh -ABANK2=0200h-02FFh -ABANK3=0300h-03FFh \
  -ABANK4=0400h-04FFh -ABANK5=0500h-05FFh -ABANK6=0600h-06FFh \
  -ABANK7=0700h-07FFh -ABANK8=0800h-08FFh -ABANK9=0900h-09FFh \
  -ABANK10=0A00h-0AFFh -ABANK11=0B00h-0BFFh -ABANK12=0C00h-0CFFh \
  -ABANK13=0D00h-0DFFh -ABANK14=0E00h-0EEEh -ABANK15=0F00h-0F5Fh \
  -ASFR=0F60h-0F9Bh,0F9Dh-0FD3h,0FD5h-0FDAh,0FE0h-0FE2h,0FE8h-0FEAh,0FF0h-0FFBh \
  -ABIGSFR=0F60h-0F9Bh,0F9Dh-0FD3h,0FD5h-0FDAh,0FE0h-0FE2h,0FE8h-0FEAh,0FF0h-0FFBh \
  -ACONFIG=0300000h-030000Dh -AIDLOC=0200000h-0200007h \
  -AEEDATA=0F00000h-0F003FFh -peeprom_data=EEDATA \
  -preset_vec=00h,intcode=8h,intcodelo,powerup,init -pramtop=01000h \
  -psmallconst=SMALLCONST -pmediumconst=MEDIUMCONST -pconst=CONST \
  -AFARRAM=00h-00h \
  -prdata=COMRAM,nvrram=COMRAM,nvbit=COMRAM,rbss=COMRAM,rbit=COMRAM \
  -pfarbss=FARRAM,fardata=FARRAM,nvFARRAM=FARRAM \
  -pintsave_regs=BIGRAM,bigbss=BIGRAM,bigdata=BIGRAM -pbss=RAM \
  -pidata=CODE,irdata=CODE,ibigdata=CODE,ifardata=CODE -prparam=COMRAM \
  C:\Users\martin\AppData\Local\Temp\xcAsplg.\driver_tmp_9.o \
  dist/default/debug\PICMcuMax7219AlarmClock.X.debug.o 

Object code version is 3.11

Machine type is 18F26K20



                Name                               Link     Load   Length Selector   Space Scale
C:\Users\martin\AppData\Local\Temp\xcAsplg.\driver_tmp_9.o
                idloc                            200000   200000        8        0       5
                config                           300000   300000        E        0       4
                init                                 AA       AA        4        4       0
                reset_vec                             0        0        4        0       0
dist/default/debug\PICMcuMax7219AlarmClock.X.debug.o
                intcode                               8        8       A2        4       0
                idloc                            200000   200000        8        0       5
                config                           300000   300000        E        0       4
                temp                                 59       59        1        1       1
                mediumconst                        F528     F528      808     7A94       0
                text42                              F9A      F9A       46        4       0
                text41                             1238     1238        6        4       0
                text40                             10AE     10AE       2E        4       0
                text39                             1106     1106       28        4       0
                text38                             11D0     11D0       14        4       0
                text37                              CA4      CA4       9E        4       0
                text35                             122E     122E        A        4       0
                text34                             1224     1224        A        4       0
                text33                              F4C      F4C       4E        4       0
                text32                             1242     1242        4        4       0
                text31                             121A     121A        A        4       0
                text30                             117A     117A       22        4       0
                text29                             11F6     11F6        E        4       0
                text28                             1210     1210        A        4       0
                text27                             1154     1154       26        4       0
                text26                             11B6     11B6       1A        4       0
                text25                             123E     123E        4        4       0
                text24                              BF4      BF4       B0        4       0
                text23                             119C     119C       1A        4       0
                text22                              794      794       C4        4       0
                text21                              858      858       C0        4       0
                text20                              4B6      4B6      12E        4       0
                text19                              322      322      194        4       0
                text18                              B40      B40       B4        4       0
                text17                              A8C      A8C       B4        4       0
                text16                             11E4     11E4       12        4       0
                text15                             104C     104C       34        4       0
                text14                              5E4      5E4       EA        4       0
                text13                              D42      D42       7E        4       0
                text12                               AE       AE      274        4       0
                text11                              9D6      9D6       B6        4       0
                text10                              EFA      EFA       52        4       0
                text9                              1018     1018       34        4       0
                text8                              1204     1204        C        4       0
                text7                               FE0      FE0       38        4       0
                text6                               E34      E34       74        4       0
                text5                              112E     112E       26        4       0
                text4                              10DC     10DC       2A        4       0
                text3                               DC0      DC0       74        4       0
                text2                               918      918       BE        4       0
                text1                               EA8      EA8       52        4       0
                text0                               6CE      6CE       C6        4       0
                cstackCOMRAM                          1        1       52        1       1
                cstackBANK0                          B0       B0       47       60       1
                bssBANK1                            100      100       20      100       1
                bssBANK0                             60       60       50       60       1
                bssCOMRAM                            53       53        6        1       1
                cinit                              1080     1080       2E        4       0
                nvBANK0                              F7       F7        6       60       1

TOTAL           Name                               Link     Load   Length     Space
        CLASS   CODE           
                intcode                               8        8       A2         0
                init                                 AA       AA        4         0
                reset_vec                             0        0        4         0
                text42                              F9A      F9A       46         0
                text41                             1238     1238        6         0
                text40                             10AE     10AE       2E         0
                text39                             1106     1106       28         0
                text38                             11D0     11D0       14         0
                text37                              CA4      CA4       9E         0
                text35                             122E     122E        A         0
                text34                             1224     1224        A         0
                text33                              F4C      F4C       4E         0
                text32                             1242     1242        4         0
                text31                             121A     121A        A         0
                text30                             117A     117A       22         0
                text29                             11F6     11F6        E         0
                text28                             1210     1210        A         0
                text27                             1154     1154       26         0
                text26                             11B6     11B6       1A         0
                text25                             123E     123E        4         0
                text24                              BF4      BF4       B0         0
                text23                             119C     119C       1A         0
                text22                              794      794       C4         0
                text21                              858      858       C0         0
                text20                              4B6      4B6      12E         0
                text19                              322      322      194         0
                text18                              B40      B40       B4         0
                text17                              A8C      A8C       B4         0
                text16                             11E4     11E4       12         0
                text15                             104C     104C       34         0
                text14                              5E4      5E4       EA         0
                text13                              D42      D42       7E         0
                text12                               AE       AE      274         0
                text11                              9D6      9D6       B6         0
                text10                              EFA      EFA       52         0
                text9                              1018     1018       34         0
                text8                              1204     1204        C         0
                text7                               FE0      FE0       38         0
                text6                               E34      E34       74         0
                text5                              112E     112E       26         0
                text4                              10DC     10DC       2A         0
                text3                               DC0      DC0       74         0
                text2                               918      918       BE         0
                text1                               EA8      EA8       52         0
                text0                               6CE      6CE       C6         0
                cinit                              1080     1080       2E         0

        CLASS   CONST          

        CLASS   SMALLCONST     

        CLASS   MEDIUMCONST    
                mediumconst                        F528     F528      808         0

        CLASS   COMRAM         
                temp                                 59       59        1         1
                cstackCOMRAM                          1        1       52         1
                bssCOMRAM                            53       53        6         1

        CLASS   ABS1           

        CLASS   BIGRAM         

        CLASS   RAM            

        CLASS   BANK0          
                cstackBANK0                          B0       B0       47         1
                bssBANK0                             60       60       50         1
                nvBANK0                              F7       F7        6         1

        CLASS   BANK1          
                bssBANK1                            100      100       20         1

        CLASS   BANK2          

        CLASS   BANK3          

        CLASS   BANK4          

        CLASS   BANK5          

        CLASS   BANK6          

        CLASS   BANK7          

        CLASS   BANK8          

        CLASS   BANK9          

        CLASS   BANK10         

        CLASS   BANK11         

        CLASS   BANK12         

        CLASS   BANK13         

        CLASS   BANK14         

        CLASS   BANK15         

        CLASS   SFR            

        CLASS   BIGSFR         

        CLASS   CONFIG         
                config                           300000   300000        E         4

        CLASS   IDLOC          
                idloc                            200000   200000        8         5

        CLASS   EEDATA         

        CLASS   FARRAM         

        CLASS   HEAP           

        CLASS   STACK          



SEGMENTS        Name                           Load    Length   Top    Selector   Space  Class

                reset_vec                      000000  000004  000004         0       0  CODE    
                cstackCOMRAM                   000001  000059  00005A         1       1  COMRAM  
                intcode                        000008  00123E  001246         4       0  CODE    
                bssBANK0                       000060  00009D  0000FD        60       1  BANK0   
                bssBANK1                       000100  000020  000120       100       1  BANK1   
                mediumconst                    00F528  000808  00FD30      7A94       0  MEDIUMCO


UNUSED ADDRESS RANGES

        Name                Unused          Largest block    Delta
        BANK0            0000FD-0000FF                3
        BANK1            000120-0001FF               E0
        BANK10           000A00-000AFF              100
        BANK11           000B00-000BFF              100
        BANK12           000C00-000CFF              100
        BANK13           000D00-000DFF              100
        BANK14           000E00-000EEE               EF
        BANK15           000F00-000F5F               60
        BANK2            000200-0002FF              100
        BANK3            000300-0003FF              100
        BANK4            000400-0004FF              100
        BANK5            000500-0005FF              100
        BANK6            000600-0006FF              100
        BANK7            000700-0007FF              100
        BANK8            000800-0008FF              100
        BANK9            000900-0009FF              100
        BIGRAM           00005A-00005F                6
                         0000FD-0000FF                3
                         000120-000EEE              DCF
                         000F00-000F5F               60
        BIGSFR           000F60-000F9B               3C
                         000F9D-000FD3               37
                         000FD5-000FDA                6
                         000FE0-000FE2                3
                         000FE8-000FEA                3
                         000FF0-000FFB                C
        CODE             000004-000007                4
                         001246-00F527             E2E2
        COMRAM           00005A-00005F                6
        CONST            000004-000007                4
                         001246-00F527             E2E2
        EEDATA           F00000-F003FF              400
        MEDIUMCONST      001246-00F527             E2E2
        RAM              0000FD-0000FF                3
                         000120-000EEE              100
                         000F00-000F5F               60
        SFR              000F60-000F9B               3C
                         000F9D-000FD3               37
                         000FD5-000FDA                6
                         000FE0-000FE2                3
                         000FE8-000FEA                3
                         000FF0-000FFB                C
        SMALLCONST       001246-00F527              100

                                  Symbol Table

?___awdiv                                 cstackCOMRAM 000007
?___awmod                                 cstackCOMRAM 000007
?___lwdiv                                 cstackCOMRAM 00000D
?___wmul                                  cstackCOMRAM 000007
EUSART_SetRxInterruptHandler@handler      cstackCOMRAM 000007
EUSART_SetTxInterruptHandler@handler      cstackCOMRAM 000007
FLASH_EraseBlock@GIEBitValue              cstackCOMRAM 00000B
FLASH_EraseBlock@baseAddr                 cstackCOMRAM 000007
FLASH_ReadByte@flashAddr                  cstackCOMRAM 000007
FLASH_WriteBlock@GIEBitValue              cstackCOMRAM 000015
FLASH_WriteBlock@blockStartAddr           cstackCOMRAM 000011
FLASH_WriteBlock@dataCounter              cstackCOMRAM 000018
FLASH_WriteBlock@flashWrBufPtr            cstackCOMRAM 000010
FLASH_WriteBlock@i                        cstackCOMRAM 000019
FLASH_WriteBlock@j                        cstackCOMRAM 000016
FLASH_WriteBlock@numberOfWriteBlocks      cstackCOMRAM 000017
FLASH_WriteBlock@writeAddr                cstackCOMRAM 00000C
SPI_Exchange8bit@data                     cstackCOMRAM 000007
TMR1_SetInterruptHandler@InterruptHandler cstackCOMRAM 000007
TMR1_WriteTimer@timerVal                  cstackCOMRAM 000001
_ANSEL                                    (abs)        000F7E
_ANSELH                                   (abs)        000F7F
_BAUDCON                                  (abs)        000FB8
_EEADR                                    (abs)        000FA9
_EEADRH                                   (abs)        000FAA
_EECON1bits                               (abs)        000FA6
_EECON2                                   (abs)        000FA7
_EEDATA                                   (abs)        000FA8
_EUSART_Initialize                        text33       000F4C
_EUSART_Receive_ISR                       (abs)        000000
_EUSART_RxDefaultInterruptHandler         nvBANK0      0000F9
_EUSART_SetRxInterruptHandler             text35       00122E
_EUSART_SetTxInterruptHandler             text34       001224
_EUSART_Transmit_ISR                      (abs)        000000
_EUSART_TxDefaultInterruptHandler         nvBANK0      0000FB
_FLASH_EraseBlock                         text15       00104C
_FLASH_ReadByte                           text16       0011E4
_FLASH_WriteBlock                         text14       0005E4
_INTCON2bits                              (abs)        000FF1
_INTCONbits                               (abs)        000FF2
_INTERRUPT_Initialize                     text32       001242
_INTERRUPT_InterruptManager               intcode      000008
_LATA                                     (abs)        000F89
_LATB                                     (abs)        000F8A
_LATBbits                                 (abs)        000F8A
_LATC                                     (abs)        000F8B
_LATCbits                                 (abs)        000F8B
_MAX7219_Dot_Matrix_font                  mediumconst  00F529
_OSCCON                                   (abs)        000FD3
_OSCILLATOR_Initialize                    text31       00121A
_OSCTUNE                                  (abs)        000F9B
_PIE1bits                                 (abs)        000F9D
_PIN_MANAGER_Initialize                   text30       00117A
_PIR1bits                                 (abs)        000F9E
_PIR2bits                                 (abs)        000FA1
_PORTBbits                                (abs)        000F81
_RCONbits                                 (abs)        000FD0
_RCREG                                    (abs)        000FAE
_RCSTA                                    (abs)        000FAB
_RCSTAbits                                (abs)        000FAB
_SPBRG                                    (abs)        000FAF
_SPBRGH                                   (abs)        000FB0
_SPI_Exchange8bit                         text23       00119C
_SPI_Initialize                           text29       0011F6
_SSPADD                                   (abs)        000FC8
_SSPBUF                                   (abs)        000FC9
_SSPCON1                                  (abs)        000FC6
_SSPCON1bits                              (abs)        000FC6
_SSPSTAT                                  (abs)        000FC7
_SSPSTATbits                              (abs)        000FC7
_SYSTEM_Initialize                        text26       0011B6
_T1CON                                    (abs)        000FCD
_T1CONbits                                (abs)        000FCD
_TABLAT                                   (abs)        000FF5
_TBLPTRH                                  (abs)        000FF7
_TBLPTRL                                  (abs)        000FF6
_TBLPTRU                                  (abs)        000FF8
_TMR1                                     (abs)        000FCE
_TMR1H                                    (abs)        000FCF
_TMR1L                                    (abs)        000FCE
_TMR1_CallBack                            text40       0010AE
_TMR1_DefaultInterruptHandler             text41       001238
_TMR1_ISR                                 text38       0011D0
_TMR1_Initialize                          text27       001154
_TMR1_InterruptHandler                    nvBANK0      0000F7
_TMR1_SetInterruptHandler                 text28       001210
_TMR1_StartTimer                          text25       00123E
_TMR1_WriteTimer                          text39       001106
_TRISA                                    (abs)        000F92
_TRISB                                    (abs)        000F93
_TRISBbits                                (abs)        000F93
_TRISC                                    (abs)        000F94
_TXREG                                    (abs)        000FAD
_TXSTA                                    (abs)        000FAC
_TXSTAbits                                (abs)        000FAC
_WPUB                                     (abs)        000F7C
__HRAM                                    (abs)        000000
__H__absolute__                           __absolute__ 000000
__Habs1                                   abs1         000000
__Hbank0                                  bank0        000000
__Hbank1                                  bank1        000000
__Hbank10                                 bank10       000000
__Hbank11                                 bank11       000000
__Hbank12                                 bank12       000000
__Hbank13                                 bank13       000000
__Hbank14                                 bank14       000000
__Hbank15                                 bank15       000000
__Hbank2                                  bank2        000000
__Hbank3                                  bank3        000000
__Hbank4                                  bank4        000000
__Hbank5                                  bank5        000000
__Hbank6                                  bank6        000000
__Hbank7                                  bank7        000000
__Hbank8                                  bank8        000000
__Hbank9                                  bank9        000000
__Hbigbss                                 bigbss       000000
__Hbigdata                                bigdata      000000
__Hbigram                                 bigram       000000
__Hbigsfr                                 bigsfr       000000
__Hbss                                    bss          000000
__HbssBANK0                               bssBANK0     000000
__HbssBANK1                               bssBANK1     000000
__HbssCOMRAM                              bssCOMRAM    000000
__Hcinit                                  cinit        000000
__Hclrtext                                clrtext      000000
__Hcomram                                 comram       000000
__Hconfig                                 config       30000E
__Hconst                                  const        000000
__HcstackBANK0                            cstackBANK0  000000
__HcstackCOMRAM                           cstackCOMRAM 000000
__Hdata                                   data         000000
__Heeprom_data                            eeprom_data  000000
__Hfarbss                                 farbss       000000
__Hfardata                                fardata      000000
__Hheap                                   heap         000000
__Hibigdata                               ibigdata     000000
__Hidata                                  idata        000000
__Hidloc                                  idloc        200008
__Hifardata                               ifardata     000000
__Hinit                                   init         0000AE
__Hintcode                                intcode      0000AA
__Hintcode_body                           intcode_body 000000
__Hintcodelo                              intcodelo    0000AA
__Hintentry                               intentry     000000
__Hintret                                 intret       000000
__Hintsave_regs                           intsave_regs 000000
__Hirdata                                 irdata       000000
__Hmediumconst                            mediumconst  00FD30
__HnvBANK0                                nvBANK0      000000
__HnvFARRAM                               nvFARRAM     000000
__Hnvbit                                  nvbit        000000
__Hnvrram                                 nvrram       000000
__Hparam                                  rparam       000000
__Hpowerup                                powerup      0000AA
__Hram                                    ram          000000
__Hramtop                                 ramtop       001000
__Hrbit                                   rbit         000000
__Hrbss                                   rbss         000000
__Hrdata                                  rdata        000000
__Hreset_vec                              reset_vec    000004
__Hrparam                                 rparam       000000
__Hsfr                                    sfr          000000
__Hsivt_hi                                sivt_hi      000000
__Hsivt_lo                                sivt_lo      000000
__Hsmallconst                             smallconst   000000
__Hspace_0                                (abs)        00FD30
__Hspace_1                                (abs)        000120
__Hspace_2                                (abs)        000000
__Hspace_4                                (abs)        60000E
__Hstack                                  stack        000000
__Hstruct                                 struct       000000
__Htemp                                   temp         00005A
__Htext                                   text         000000
__Htext0                                  text0        000000
__Htext1                                  text1        000000
__Htext10                                 text10       000000
__Htext11                                 text11       000000
__Htext12                                 text12       000000
__Htext13                                 text13       000000
__Htext14                                 text14       000000
__Htext15                                 text15       000000
__Htext16                                 text16       000000
__Htext17                                 text17       000000
__Htext18                                 text18       000000
__Htext19                                 text19       000000
__Htext2                                  text2        000000
__Htext20                                 text20       000000
__Htext21                                 text21       000000
__Htext22                                 text22       000000
__Htext23                                 text23       000000
__Htext24                                 text24       000000
__Htext25                                 text25       000000
__Htext26                                 text26       000000
__Htext27                                 text27       000000
__Htext28                                 text28       000000
__Htext29                                 text29       000000
__Htext3                                  text3        000000
__Htext30                                 text30       000000
__Htext31                                 text31       000000
__Htext32                                 text32       000000
__Htext33                                 text33       000000
__Htext34                                 text34       000000
__Htext35                                 text35       000000
__Htext37                                 text37       000000
__Htext38                                 text38       000000
__Htext39                                 text39       000000
__Htext4                                  text4        000000
__Htext40                                 text40       000000
__Htext41                                 text41       000000
__Htext42                                 text42       000000
__Htext5                                  text5        000000
__Htext6                                  text6        000000
__Htext7                                  text7        000000
__Htext8                                  text8        000000
__Htext9                                  text9        000000
__LRAM                                    (abs)        000001
__L__absolute__                           __absolute__ 000000
__Labs1                                   abs1         000000
__Lbank0                                  bank0        000000
__Lbank1                                  bank1        000000
__Lbank10                                 bank10       000000
__Lbank11                                 bank11       000000
__Lbank12                                 bank12       000000
__Lbank13                                 bank13       000000
__Lbank14                                 bank14       000000
__Lbank15                                 bank15       000000
__Lbank2                                  bank2        000000
__Lbank3                                  bank3        000000
__Lbank4                                  bank4        000000
__Lbank5                                  bank5        000000
__Lbank6                                  bank6        000000
__Lbank7                                  bank7        000000
__Lbank8                                  bank8        000000
__Lbank9                                  bank9        000000
__Lbigbss                                 bigbss       000000
__Lbigdata                                bigdata      000000
__Lbigram                                 bigram       000000
__Lbigsfr                                 bigsfr       000000
__Lbss                                    bss          000000
__LbssBANK0                               bssBANK0     000000
__LbssBANK1                               bssBANK1     000000
__LbssCOMRAM                              bssCOMRAM    000000
__Lcinit                                  cinit        000000
__Lclrtext                                clrtext      000000
__Lcomram                                 comram       000000
__Lconfig                                 config       000000
__Lconst                                  const        000000
__LcstackBANK0                            cstackBANK0  000000
__LcstackCOMRAM                           cstackCOMRAM 000000
__Ldata                                   data         000000
__Leeprom_data                            eeprom_data  000000
__Lfarbss                                 farbss       000000
__Lfardata                                fardata      000000
__Lheap                                   heap         000000
__Libigdata                               ibigdata     000000
__Lidata                                  idata        000000
__Lidloc                                  idloc        000000
__Lifardata                               ifardata     000000
__Linit                                   init         0000AA
__Lintcode                                intcode      000008
__Lintcode_body                           intcode_body 000000
__Lintcodelo                              intcodelo    0000AA
__Lintentry                               intentry     000000
__Lintret                                 intret       000000
__Lintsave_regs                           intsave_regs 000000
__Lirdata                                 irdata       000000
__Lmediumconst                            mediumconst  00F528
__LnvBANK0                                nvBANK0      000000
__LnvFARRAM                               nvFARRAM     000000
__Lnvbit                                  nvbit        000000
__Lnvrram                                 nvrram       000000
__Lparam                                  rparam       000000
__Lpowerup                                powerup      0000AA
__Lram                                    ram          000000
__Lramtop                                 ramtop       001000
__Lrbit                                   rbit         000000
__Lrbss                                   rbss         000000
__Lrdata                                  rdata        000000
__Lreset_vec                              reset_vec    000000
__Lrparam                                 rparam       000000
__Lsfr                                    sfr          000000
__Lsivt_hi                                sivt_hi      000000
__Lsivt_lo                                sivt_lo      000000
__Lsmallconst                             smallconst   000000
__Lspace_0                                (abs)        000000
__Lspace_1                                (abs)        000000
__Lspace_2                                (abs)        000000
__Lspace_4                                (abs)        000000
__Lstack                                  stack        000000
__Lstruct                                 struct       000000
__Ltemp                                   temp         000059
__Ltext                                   text         000000
__Ltext0                                  text0        000000
__Ltext1                                  text1        000000
__Ltext10                                 text10       000000
__Ltext11                                 text11       000000
__Ltext12                                 text12       000000
__Ltext13                                 text13       000000
__Ltext14                                 text14       000000
__Ltext15                                 text15       000000
__Ltext16                                 text16       000000
__Ltext17                                 text17       000000
__Ltext18                                 text18       000000
__Ltext19                                 text19       000000
__Ltext2                                  text2        000000
__Ltext20                                 text20       000000
__Ltext21                                 text21       000000
__Ltext22                                 text22       000000
__Ltext23                                 text23       000000
__Ltext24                                 text24       000000
__Ltext25                                 text25       000000
__Ltext26                                 text26       000000
__Ltext27                                 text27       000000
__Ltext28                                 text28       000000
__Ltext29                                 text29       000000
__Ltext3                                  text3        000000
__Ltext30                                 text30       000000
__Ltext31                                 text31       000000
__Ltext32                                 text32       000000
__Ltext33                                 text33       000000
__Ltext34                                 text34       000000
__Ltext35                                 text35       000000
__Ltext37                                 text37       000000
__Ltext38                                 text38       000000
__Ltext39                                 text39       000000
__Ltext4                                  text4        000000
__Ltext40                                 text40       000000
__Ltext41                                 text41       000000
__Ltext42                                 text42       000000
__Ltext5                                  text5        000000
__Ltext6                                  text6        000000
__Ltext7                                  text7        000000
__Ltext8                                  text8        000000
__Ltext9                                  text9        000000
__S0                                      (abs)        00FD30
__S1                                      (abs)        000120
__S4                                      (abs)        000000
__S5                                      (abs)        000000
___awdiv                                  text22       000794
___awdiv@counter                          cstackCOMRAM 00000B
___awdiv@dividend                         cstackCOMRAM 000007
___awdiv@divisor                          cstackCOMRAM 000009
___awdiv@quotient                         cstackCOMRAM 00000D
___awdiv@sign                             cstackCOMRAM 00000C
___awmod                                  text24       000BF4
___awmod@counter                          cstackCOMRAM 00000B
___awmod@dividend                         cstackCOMRAM 000007
___awmod@divisor                          cstackCOMRAM 000009
___awmod@sign                             cstackCOMRAM 00000C
___heap_hi                                (abs)        000000
___heap_lo                                (abs)        000000
___inthi_sp                               stack        000000
___inthi_stack_hi                         stack        000000
___inthi_stack_lo                         stack        000000
___intlo_sp                               stack        000000
___intlo_stack_hi                         stack        000000
___intlo_stack_lo                         stack        000000
___lwdiv                                  text6        000E34
___lwdiv@counter                          cstackCOMRAM 000011
___lwdiv@dividend                         cstackCOMRAM 00000D
___lwdiv@divisor                          cstackCOMRAM 00000F
___lwdiv@quotient                         cstackCOMRAM 000012
___param_bank                             (abs)        000000
___rparam_used                            (abs)        000001
___sp                                     stack        000000
___stack_hi                               stack        000000
___stack_lo                               stack        000000
___wmul                                   text5        00112E
___wmul@multiplicand                      cstackCOMRAM 000009
___wmul@multiplier                        cstackCOMRAM 000007
___wmul@product                           cstackCOMRAM 00000B
__accesstop                               (abs)        000060
__activetblptr                            (abs)        000003
__end_of_EUSART_Initialize                text33       000F9A
__end_of_EUSART_SetRxInterruptHandler     text35       001238
__end_of_EUSART_SetTxInterruptHandler     text34       00122E
__end_of_FLASH_EraseBlock                 text15       001080
__end_of_FLASH_ReadByte                   text16       0011F6
__end_of_FLASH_WriteBlock                 text14       0006CE
__end_of_INTERRUPT_Initialize             text32       001246
__end_of_INTERRUPT_InterruptManager       intcode      0000AA
__end_of_MAX7219_Dot_Matrix_font          mediumconst  00FD29
__end_of_OSCILLATOR_Initialize            text31       001224
__end_of_PIN_MANAGER_Initialize           text30       00119C
__end_of_SPI_Exchange8bit                 text23       0011B6
__end_of_SPI_Initialize                   text29       001204
__end_of_SYSTEM_Initialize                text26       0011D0
__end_of_TMR1_CallBack                    text40       0010DC
__end_of_TMR1_DefaultInterruptHandler     text41       00123E
__end_of_TMR1_ISR                         text38       0011E4
__end_of_TMR1_Initialize                  text27       00117A
__end_of_TMR1_SetInterruptHandler         text28       00121A
__end_of_TMR1_StartTimer                  text25       001242
__end_of_TMR1_WriteTimer                  text39       00112E
__end_of___awdiv                          text22       000858
__end_of___awmod                          text24       000CA4
__end_of___lwdiv                          text6        000EA8
__end_of___wmul                           text5        001154
__end_of__initialization                  cinit        0010A4
__end_of_btGetData                        text37       000D42
__end_of_calculateTime                    text42       000FE0
__end_of_checkButtons                     text12       000322
__end_of_clearAlarm                       text8        001210
__end_of_clearDisplay                     text7        001018
__end_of_delayMicroseconds                text4        001106
__end_of_displayAlarmTime                 text18       000BF4
__end_of_displayTime                      text17       000B40
__end_of_flushBuffer                      text20       0005E4
__end_of_generateBeep                     text3        000E34
__end_of_loadTimeFromFlash                text11       000A8C
__end_of_main                             text0        000794
__end_of_matrixInit                       text9        00104C
__end_of_max7219_cmd                      text10       000F4C
__end_of_max_write                        text21       000918
__end_of_printString                      text19       0004B6
__end_of_processAlarm                     text1        000EFA
__end_of_saveTimeToFlash                  text13       000DC0
__end_of_triggerAlarm                     text2        0009D6
__initialization                          cinit        001080
__mediumconst                             mediumconst  00F528
__pbssBANK0                               bssBANK0     000060
__pbssBANK1                               bssBANK1     000100
__pbssCOMRAM                              bssCOMRAM    000053
__pcinit                                  cinit        001080
__pcstackBANK0                            cstackBANK0  0000B0
__pcstackCOMRAM                           cstackCOMRAM 000001
__pintcode                                intcode      000008
__pmediumconst                            mediumconst  00F528
__pnvBANK0                                nvBANK0      0000F7
__ptext0                                  text0        0006CE
__ptext1                                  text1        000EA8
__ptext10                                 text10       000EFA
__ptext11                                 text11       0009D6
__ptext12                                 text12       0000AE
__ptext13                                 text13       000D42
__ptext14                                 text14       0005E4
__ptext15                                 text15       00104C
__ptext16                                 text16       0011E4
__ptext17                                 text17       000A8C
__ptext18                                 text18       000B40
__ptext19                                 text19       000322
__ptext2                                  text2        000918
__ptext20                                 text20       0004B6
__ptext21                                 text21       000858
__ptext22                                 text22       000794
__ptext23                                 text23       00119C
__ptext24                                 text24       000BF4
__ptext25                                 text25       00123E
__ptext26                                 text26       0011B6
__ptext27                                 text27       001154
__ptext28                                 text28       001210
__ptext29                                 text29       0011F6
__ptext3                                  text3        000DC0
__ptext30                                 text30       00117A
__ptext31                                 text31       00121A
__ptext32                                 text32       001242
__ptext33                                 text33       000F4C
__ptext34                                 text34       001224
__ptext35                                 text35       00122E
__ptext37                                 text37       000CA4
__ptext38                                 text38       0011D0
__ptext39                                 text39       001106
__ptext4                                  text4        0010DC
__ptext40                                 text40       0010AE
__ptext41                                 text41       001238
__ptext42                                 text42       000F9A
__ptext5                                  text5        00112E
__ptext6                                  text6        000E34
__ptext7                                  text7        000FE0
__ptext8                                  text8        001204
__ptext9                                  text9        001018
__ramtop                                  ramtop       001000
__smallconst                              smallconst   000000
_alarmActive                              bssBANK0     0000A8
_alarmHours                               bssBANK0     0000AB
_alarmMinutes                             bssBANK0     0000AA
_alarmSet                                 bssBANK0     0000A9
_alarmTriggered                           bssBANK0     0000A7
_blinkTimer                               bssBANK0     00009E
_btGetData                                text37       000CA4
_btTimeSet                                bssBANK0     0000A4
_bufferCol                                bssBANK0     000060
_button3PressTime                         bssBANK0     00009C
_calculateTime                            text42       000F9A
_checkButtons                             text12       0000AE
_clearAlarm                               text8        001204
_clearDisplay                             text7        000FE0
_currentMode                              bssBANK0     0000A3
_delayMicroseconds                        text4        0010DC
_displayAlarmTime                         text18       000B40
_displayBlinking                          bssBANK0     0000A6
_displayTime                              text17       000A8C
_eusartRxBuffer                           bssBANK0     00008A
_eusartRxCount                            bssBANK0     0000AF
_eusartRxHead                             bssCOMRAM    000055
_eusartRxTail                             bssCOMRAM    000054
_eusartTxBuffer                           bssBANK0     000092
_eusartTxBufferRemaining                  bssCOMRAM    000056
_eusartTxHead                             bssCOMRAM    000058
_eusartTxTail                             bssCOMRAM    000057
_flushBuffer                              text20       0004B6
_generateBeep                             text3        000DC0
_hours                                    bssBANK0     0000AE
_isButton3Pressed                         bssBANK0     0000A5
_loadTimeFromFlash                        text11       0009D6
_main                                     text0        0006CE
_matrixInit                               text9        001018
_max7219_cmd                              text10       000EFA
_max_write                                text21       000858
_minutes                                  bssBANK0     0000AD
_printString                              text19       000322
_processAlarm                             text1        000EA8
_saveTimeToFlash                          text13       000D42
_seconds                                  bssBANK0     0000AC
_timer1ReloadVal                          bssBANK0     0000A0
_triggerAlarm                             text2        000918
_uartBuffer                               bssBANK0     000080
_uartBufferIndex                          bssCOMRAM    000053
btGetData@rcv                             cstackCOMRAM 000001
btemp                                     temp         000059
checkButtons@button3HoldTime              bssBANK0     00009A
checkButtons@button3PressCount            bssBANK0     0000A2
clearDisplay@i                            cstackCOMRAM 000047
delayMicroseconds@i                       cstackCOMRAM 000009
delayMicroseconds@microseconds            cstackCOMRAM 000007
displayAlarmTime@alarmTimeString          cstackBANK0  0000C0
displayAlarmTime@displayString            cstackBANK0  0000BB
displayAlarmTime@i                        cstackBANK0  0000C5
displayTime@displayString                 cstackBANK0  0000BB
displayTime@i                             cstackBANK0  0000C5
displayTime@timeString                    cstackBANK0  0000C0
end_of_initialization                     cinit        0010A4
flushBuffer@bufferRow                     cstackCOMRAM 00001F
flushBuffer@dev                           cstackCOMRAM 00003F
flushBuffer@i                             cstackCOMRAM 000045
flushBuffer@j                             cstackCOMRAM 000041
flushBuffer@row                           cstackCOMRAM 000043
generateBeep@cycles                       cstackCOMRAM 000016
generateBeep@duration_ms                  cstackCOMRAM 000014
generateBeep@i                            cstackCOMRAM 000018
int$flags                                 temp         000059
intlevel0                                 text         000000
intlevel1                                 text         000000
intlevel2                                 text         000000
intlevel3                                 text         000000
isa$std                                   (abs)        000001
isa$xinst                                 (abs)        000000
main@hours_pom                            cstackBANK0  0000F5
main@minutes_pom                          cstackBANK0  0000F6
max7219_cmd@Addr                          cstackCOMRAM 00000B
max7219_cmd@data                          cstackCOMRAM 000008
max7219_cmd@i                             cstackCOMRAM 00000E
max7219_cmd@writeData                     cstackCOMRAM 00000C
max_write@data                            cstackCOMRAM 000011
max_write@dev                             cstackCOMRAM 000018
max_write@devTarget                       cstackCOMRAM 000016
max_write@offset                          cstackCOMRAM 000014
max_write@row                             cstackCOMRAM 00000F
max_write@writeData                       cstackCOMRAM 00001A
printString@data                          cstackBANK0  0000B2
printString@i                             cstackBANK0  0000B5
printString@indx                          cstackBANK0  0000B0
printString@j                             cstackBANK0  0000B9
printString@k                             cstackBANK0  0000B7
printString@str                           cstackCOMRAM 000047
printString@strindx                       cstackBANK0  0000B3
saveTimeToFlash@flashAddress              cstackBANK0  0000F0
saveTimeToFlash@flashBuffer               cstackBANK0  0000B0
saveTimeToFlash@i                         cstackBANK0  0000F4
stackhi                                   (abs)        000000
stacklo                                   (abs)        000000
start                                     init         0000AA
start_initialization                      cinit        001080
triggerAlarm@i                            cstackBANK0  0000BD
triggerAlarm@numCycles                    cstackBANK0  0000BB
ttemp5                                    temp         00005A
ttemp6                                    temp         00005D
ttemp7                                    temp         000061
wtemp8                                    temp         00005A


MODULE INFORMATION

Module		Function		Class		Link	Load	Size
MAX7219.c
		_printString   		CODE           	0322	0000	404
		_clearDisplay  		CODE           	0FE0	0000	56
		_flushBuffer   		CODE           	04B6	0000	302
		_max_write     		CODE           	0858	0000	192
		_matrixInit    		CODE           	1018	0000	52
		_max7219_cmd   		CODE           	0EFA	0000	82

MAX7219.c estimated size: 1088

C:\Program Files\Microchip\xc8\v2.46\pic\sources\c99\common\lwdiv.c
		___lwdiv       		CODE           	0E34	0000	116

C:\Program Files\Microchip\xc8\v2.46\pic\sources\c99\common\lwdiv.c estimated size: 116

C:\Program Files\Microchip\xc8\v2.46\pic\sources\c99\common\awdiv.c
		___awdiv       		CODE           	0794	0000	196

C:\Program Files\Microchip\xc8\v2.46\pic\sources\c99\common\awdiv.c estimated size: 196

mcc_generated_files/interrupt_manager.c
		_INTERRUPT_Initialize		CODE           	1242	0000	4
		_INTERRUPT_InterruptManager		CODE           	0008	0000	162

mcc_generated_files/interrupt_manager.c estimated size: 166

mcc_generated_files/pin_manager.c
		_PIN_MANAGER_Initialize		CODE           	117A	0000	34

mcc_generated_files/pin_manager.c estimated size: 34

mcc_generated_files/spi.c
		_SPI_Exchange8bit		CODE           	119C	0000	26
		_SPI_Initialize		CODE           	11F6	0000	14

mcc_generated_files/spi.c estimated size: 40

shared
		__initialization		CODE           	1080	0000	36
		_MAX7219_Dot_Matrix_font		MEDIUMCONST    	F529	0000	2048

shared estimated size: 2084

C:\Program Files\Microchip\xc8\v2.46\pic\sources\c99\common\Umul16.c
		___wmul        		CODE           	112E	0000	38

C:\Program Files\Microchip\xc8\v2.46\pic\sources\c99\common\Umul16.c estimated size: 38

mcc_generated_files/mcc.c
		_OSCILLATOR_Initialize		CODE           	121A	0000	10
		_SYSTEM_Initialize		CODE           	11B6	0000	26

mcc_generated_files/mcc.c estimated size: 36

mcc_generated_files/tmr1.c
		_TMR1_Initialize		CODE           	1154	0000	38
		_TMR1_SetInterruptHandler		CODE           	1210	0000	10
		_TMR1_DefaultInterruptHandler		CODE           	1238	0000	6
		_TMR1_CallBack 		CODE           	10AE	0000	46
		_TMR1_WriteTimer		CODE           	1106	0000	40
		_TMR1_StartTimer		CODE           	123E	0000	4
		_TMR1_ISR      		CODE           	11D0	0000	20

mcc_generated_files/tmr1.c estimated size: 164

mcc_generated_files/memory.c
		_FLASH_EraseBlock		CODE           	104C	0000	52
		_FLASH_ReadByte		CODE           	11E4	0000	18
		_FLASH_WriteBlock		CODE           	05E4	0000	234

mcc_generated_files/memory.c estimated size: 304

C:\Program Files\Microchip\xc8\v2.46\pic\sources\c99\common\awmod.c
		___awmod       		CODE           	0BF4	0000	176

C:\Program Files\Microchip\xc8\v2.46\pic\sources\c99\common\awmod.c estimated size: 176

mcc_generated_files/eusart.c
		_EUSART_SetRxInterruptHandler		CODE           	122E	0000	10
		_EUSART_SetTxInterruptHandler		CODE           	1224	0000	10
		_EUSART_Initialize		CODE           	0F4C	0000	78

mcc_generated_files/eusart.c estimated size: 98

main.c
		_triggerAlarm  		CODE           	0918	0000	190
		_processAlarm  		CODE           	0EA8	0000	82
		_delayMicroseconds		CODE           	10DC	0000	42
		_displayTime   		CODE           	0A8C	0000	180
		_loadTimeFromFlash		CODE           	09D6	0000	182
		_saveTimeToFlash		CODE           	0D42	0000	126
		_displayAlarmTime		CODE           	0B40	0000	180
		_main          		CODE           	06CE	0000	198
		_clearAlarm    		CODE           	1204	0000	12
		_btGetData     		CODE           	0CA4	0000	158
		_calculateTime 		CODE           	0F9A	0000	70
		_generateBeep  		CODE           	0DC0	0000	116
		_checkButtons  		CODE           	00AE	0000	628

main.c estimated size: 2164

