Microchip MPLAB XC8 Compiler V2.46

Linker command line:

-W-3 \
  --edf=C:\Program Files\Microchip\xc8\v2.46\pic\dat\20240104201356_en.msgs \
  -cn -h+dist/default/production\PICMcuMax7219AlarmClock.X.production.sym \
  --cmf=dist/default/production\PICMcuMax7219AlarmClock.X.production.cmf -z \
  -Q18F26K20 -oC:\Users\martin\AppData\Local\Temp\xcAsrrs.\driver_tmp_3.o \
  --defsym=__MPLAB_BUILD=1 --fixupoverflow=error \
  -Mdist/default/production/PICMcuMax7219AlarmClock.X.production.map \
  --md=C:\Users\martin\AppData\Local\Temp\xcAsrrs.\driver_tmp_0.dat -E1 \
  -ver=XC8 Compiler --acfsm=1493 -ACODE=00h-0FFFFh -ACONST=00h-0FFFFh \
  -ASMALLCONST=01000h-010FFhx240 -AMEDIUMCONST=01000h-0FFFFh \
  -ACOMRAM=01h-05Fh -AABS1=00h-0F5Fh -ABIGRAM=01h-0F5Fh \
  -ARAM=060h-0FFh,0100h-01FFhx14,0F00h-0F5Fh -ABANK0=060h-0FFh \
  -ABANK1=0100h-01FFh -ABANK2=0200h-02FFh -ABANK3=0300h-03FFh \
  -ABANK4=0400h-04FFh -ABANK5=0500h-05FFh -ABANK6=0600h-06FFh \
  -ABANK7=0700h-07FFh -ABANK8=0800h-08FFh -ABANK9=0900h-09FFh \
  -ABANK10=0A00h-0AFFh -ABANK11=0B00h-0BFFh -ABANK12=0C00h-0CFFh \
  -ABANK13=0D00h-0DFFh -ABANK14=0E00h-0EFFh -ABANK15=0F00h-0F5Fh \
  -ASFR=0F60h-0FFFh -ABIGSFR=0F60h-0FFFh -ACONFIG=0300000h-030000Dh \
  -AIDLOC=0200000h-0200007h -AEEDATA=0F00000h-0F003FFh -peeprom_data=EEDATA \
  -preset_vec=00h,intcode=8h,intcodelo,powerup,init -pramtop=01000h \
  -psmallconst=SMALLCONST -pmediumconst=MEDIUMCONST -pconst=CONST \
  -AFARRAM=00h-00h \
  -prdata=COMRAM,nvrram=COMRAM,nvbit=COMRAM,rbss=COMRAM,rbit=COMRAM \
  -pfarbss=FARRAM,fardata=FARRAM,nvFARRAM=FARRAM \
  -pintsave_regs=BIGRAM,bigbss=BIGRAM,bigdata=BIGRAM -pbss=RAM \
  -pidata=CODE,irdata=CODE,ibigdata=CODE,ifardata=CODE -prparam=COMRAM \
  C:\Users\martin\AppData\Local\Temp\xcAsrrs.\driver_tmp_9.o \
  dist/default/production\PICMcuMax7219AlarmClock.X.production.o 

Object code version is 3.11

Machine type is 18F26K20



                Name                               Link     Load   Length Selector   Space Scale
C:\Users\martin\AppData\Local\Temp\xcAsrrs.\driver_tmp_9.o
                idloc                            200000   200000        8        0       5
                config                           300000   300000        E        0       4
                init                                 AA       AA        4        4       0
                reset_vec                             0        0        4        0       0
dist/default/production\PICMcuMax7219AlarmClock.X.production.o
                intcode                               8        8       A2        4       0
                idloc                            200000   200000        8        0       5
                config                           300000   300000        E        0       4
                temp                                 59       59        1        1       1
                mediumconst                        F7F4     F7F4      80C     7BFA       0
                text46                             1A0A     1A0A       46        4       0
                text45                             1C88     1C88        6        4       0
                text44                             1AC0     1AC0       38        4       0
                text43                             1666     1666       9E        4       0
                text41                             1C7E     1C7E        A        4       0
                text40                             1C74     1C74        A        4       0
                text39                             1976     1976       4E        4       0
                text38                             1C92     1C92        4        4       0
                text37                             1C6A     1C6A        A        4       0
                text36                             1BDE     1BDE       22        4       0
                text35                             1C46     1C46        E        4       0
                text34                             1C60     1C60        A        4       0
                text33                              D9C      D9C      106        4       0
                text32                              EA2      EA2      104        4       0
                text31                             1A88     1A88       38        4       0
                text30                               AE       AE      4C0        4       0
                text29                             19C4     19C4       46        4       0
                text28                              56E      56E      2D6        4       0
                text27                             186A     186A       68        4       0
                text26                             1C1A     1C1A       1A        4       0
                text25                             1C8E     1C8E        4        4       0
                text24                             1C54     1C54        C        4       0
                text23                             15B6     15B6       B0        4       0
                text22                             1C00     1C00       1A        4       0
                text21                             1156     1156       C4        4       0
                text20                             121A     121A       C0        4       0
                text19                              C6E      C6E      12E        4       0
                text18                              ADA      ADA      194        4       0
                text17                             1502     1502       B4        4       0
                text16                             144E     144E       B4        4       0
                text15                             1C34     1C34       12        4       0
                text14                             1B2C     1B2C       34        4       0
                text13                              FA6      FA6       EA        4       0
                text12                             1704     1704       7E        4       0
                text11                              844      844      296        4       0
                text10                             1398     1398       B6        4       0
                text9                              1924     1924       52        4       0
                text8                              1AF8     1AF8       34        4       0
                text7                              1A50     1A50       38        4       0
                text6                              17F6     17F6       74        4       0
                text5                              1BB8     1BB8       26        4       0
                text4                              1B8E     1B8E       2A        4       0
                text3                              1782     1782       74        4       0
                text2                              12DA     12DA       BE        4       0
                text1                              18D2     18D2       52        4       0
                text0                              1090     1090       C6        4       0
                cstackCOMRAM                          1        1       51        1       1
                cstackBANK0                          B3       B3       47       60       1
                bssBANK1                            100      100       20      100       1
                bssBANK0                             60       60       53       60       1
                bssCOMRAM                            52       52        7        1       1
                cinit                              1B60     1B60       2E        4       0
                nvBANK0                              FA       FA        6       60       1

TOTAL           Name                               Link     Load   Length     Space
        CLASS   CODE           
                intcode                               8        8       A2         0
                init                                 AA       AA        4         0
                reset_vec                             0        0        4         0
                text46                             1A0A     1A0A       46         0
                text45                             1C88     1C88        6         0
                text44                             1AC0     1AC0       38         0
                text43                             1666     1666       9E         0
                text41                             1C7E     1C7E        A         0
                text40                             1C74     1C74        A         0
                text39                             1976     1976       4E         0
                text38                             1C92     1C92        4         0
                text37                             1C6A     1C6A        A         0
                text36                             1BDE     1BDE       22         0
                text35                             1C46     1C46        E         0
                text34                             1C60     1C60        A         0
                text33                              D9C      D9C      106         0
                text32                              EA2      EA2      104         0
                text31                             1A88     1A88       38         0
                text30                               AE       AE      4C0         0
                text29                             19C4     19C4       46         0
                text28                              56E      56E      2D6         0
                text27                             186A     186A       68         0
                text26                             1C1A     1C1A       1A         0
                text25                             1C8E     1C8E        4         0
                text24                             1C54     1C54        C         0
                text23                             15B6     15B6       B0         0
                text22                             1C00     1C00       1A         0
                text21                             1156     1156       C4         0
                text20                             121A     121A       C0         0
                text19                              C6E      C6E      12E         0
                text18                              ADA      ADA      194         0
                text17                             1502     1502       B4         0
                text16                             144E     144E       B4         0
                text15                             1C34     1C34       12         0
                text14                             1B2C     1B2C       34         0
                text13                              FA6      FA6       EA         0
                text12                             1704     1704       7E         0
                text11                              844      844      296         0
                text10                             1398     1398       B6         0
                text9                              1924     1924       52         0
                text8                              1AF8     1AF8       34         0
                text7                              1A50     1A50       38         0
                text6                              17F6     17F6       74         0
                text5                              1BB8     1BB8       26         0
                text4                              1B8E     1B8E       2A         0
                text3                              1782     1782       74         0
                text2                              12DA     12DA       BE         0
                text1                              18D2     18D2       52         0
                text0                              1090     1090       C6         0
                cinit                              1B60     1B60       2E         0

        CLASS   CONST          

        CLASS   SMALLCONST     

        CLASS   MEDIUMCONST    
                mediumconst                        F7F4     F7F4      80C         0

        CLASS   COMRAM         
                temp                                 59       59        1         1
                cstackCOMRAM                          1        1       51         1
                bssCOMRAM                            52       52        7         1

        CLASS   ABS1           

        CLASS   BIGRAM         

        CLASS   RAM            

        CLASS   BANK0          
                cstackBANK0                          B3       B3       47         1
                bssBANK0                             60       60       53         1
                nvBANK0                              FA       FA        6         1

        CLASS   BANK1          
                bssBANK1                            100      100       20         1

        CLASS   BANK2          

        CLASS   BANK3          

        CLASS   BANK4          

        CLASS   BANK5          

        CLASS   BANK6          

        CLASS   BANK7          

        CLASS   BANK8          

        CLASS   BANK9          

        CLASS   BANK10         

        CLASS   BANK11         

        CLASS   BANK12         

        CLASS   BANK13         

        CLASS   BANK14         

        CLASS   BANK15         

        CLASS   SFR            

        CLASS   BIGSFR         

        CLASS   CONFIG         
                config                           300000   300000        E         4

        CLASS   IDLOC          
                idloc                            200000   200000        8         5

        CLASS   EEDATA         

        CLASS   FARRAM         

        CLASS   HEAP           

        CLASS   STACK          



SEGMENTS        Name                           Load    Length   Top    Selector   Space  Class

                reset_vec                      000000  000004  000004         0       0  CODE    
                cstackCOMRAM                   000001  000059  00005A         1       1  COMRAM  
                intcode                        000008  001C8E  001C96         4       0  CODE    
                bssBANK0                       000060  0000A0  000100        60       1  BANK0   
                bssBANK1                       000100  000020  000120       100       1  BANK1   
                mediumconst                    00F7F4  00080C  010000      7BFA       0  MEDIUMCO


UNUSED ADDRESS RANGES

        Name                Unused          Largest block    Delta
        BANK1            000120-0001FF               E0
        BANK10           000A00-000AFF              100
        BANK11           000B00-000BFF              100
        BANK12           000C00-000CFF              100
        BANK13           000D00-000DFF              100
        BANK14           000E00-000EFF              100
        BANK15           000F00-000F5F               60
        BANK2            000200-0002FF              100
        BANK3            000300-0003FF              100
        BANK4            000400-0004FF              100
        BANK5            000500-0005FF              100
        BANK6            000600-0006FF              100
        BANK7            000700-0007FF              100
        BANK8            000800-0008FF              100
        BANK9            000900-0009FF              100
        BIGRAM           00005A-00005F                6
                         000120-000F5F              E40
        BIGSFR           000F60-000FFF               A0
        CODE             000004-000007                4
                         001C96-00F7F3             DB5E
        COMRAM           00005A-00005F                6
        CONST            000004-000007                4
                         001C96-00F7F3             DB5E
        EEDATA           F00000-F003FF              400
        MEDIUMCONST      001C96-00F7F3             DB5E
        RAM              000120-000F5F              100
        SFR              000F60-000FFF               A0
        SMALLCONST       001C96-00F7F3              100

                                  Symbol Table

?___awdiv                                 cstackCOMRAM 000006
?___awmod                                 cstackCOMRAM 000006
?___fladd                                 cstackCOMRAM 000006
?___flneg                                 cstackCOMRAM 000006
?___flsub                                 cstackCOMRAM 000016
?___fltol                                 cstackCOMRAM 00003D
?___lwdiv                                 cstackCOMRAM 00000C
?___wmul                                  cstackCOMRAM 000006
?_roundf                                  cstackCOMRAM 00001E
EUSART_SetRxInterruptHandler@handler      cstackCOMRAM 000006
EUSART_SetTxInterruptHandler@handler      cstackCOMRAM 000006
FLASH_EraseBlock@GIEBitValue              cstackCOMRAM 00000A
FLASH_EraseBlock@baseAddr                 cstackCOMRAM 000006
FLASH_ReadByte@flashAddr                  cstackCOMRAM 000006
FLASH_WriteBlock@GIEBitValue              cstackCOMRAM 000014
FLASH_WriteBlock@blockStartAddr           cstackCOMRAM 000010
FLASH_WriteBlock@dataCounter              cstackCOMRAM 000017
FLASH_WriteBlock@flashWrBufPtr            cstackCOMRAM 00000F
FLASH_WriteBlock@i                        cstackCOMRAM 000018
FLASH_WriteBlock@j                        cstackCOMRAM 000015
FLASH_WriteBlock@numberOfWriteBlocks      cstackCOMRAM 000016
FLASH_WriteBlock@writeAddr                cstackCOMRAM 00000B
SPI_Exchange8bit@data                     cstackCOMRAM 000006
TMR1_Initialize@tmr1Offset                cstackCOMRAM 000049
TMR1_SetInterruptHandler@InterruptHandler cstackCOMRAM 000006
_ANSEL                                    (abs)        000F7E
_ANSELH                                   (abs)        000F7F
_BAUDCON                                  (abs)        000FB8
_EEADR                                    (abs)        000FA9
_EEADRH                                   (abs)        000FAA
_EECON1bits                               (abs)        000FA6
_EECON2                                   (abs)        000FA7
_EEDATA                                   (abs)        000FA8
_EUSART_Initialize                        text39       001976
_EUSART_Receive_ISR                       (abs)        000000
_EUSART_RxDefaultInterruptHandler         nvBANK0      0000FC
_EUSART_SetRxInterruptHandler             text41       001C7E
_EUSART_SetTxInterruptHandler             text40       001C74
_EUSART_Transmit_ISR                      (abs)        000000
_EUSART_TxDefaultInterruptHandler         nvBANK0      0000FE
_FLASH_EraseBlock                         text14       001B2C
_FLASH_ReadByte                           text15       001C34
_FLASH_WriteBlock                         text13       000FA6
_INTCON2bits                              (abs)        000FF1
_INTCONbits                               (abs)        000FF2
_INTERRUPT_Initialize                     text38       001C92
_INTERRUPT_InterruptManager               intcode      000008
_LATA                                     (abs)        000F89
_LATB                                     (abs)        000F8A
_LATBbits                                 (abs)        000F8A
_LATC                                     (abs)        000F8B
_LATCbits                                 (abs)        000F8B
_MAX7219_Dot_Matrix_font                  mediumconst  00F7F5
_OSCCON                                   (abs)        000FD3
_OSCILLATOR_Initialize                    text37       001C6A
_OSCTUNE                                  (abs)        000F9B
_PIE1bits                                 (abs)        000F9D
_PIN_MANAGER_Initialize                   text36       001BDE
_PIR1bits                                 (abs)        000F9E
_PIR2bits                                 (abs)        000FA1
_PORTBbits                                (abs)        000F81
_RCONbits                                 (abs)        000FD0
_RCREG                                    (abs)        000FAE
_RCSTA                                    (abs)        000FAB
_RCSTAbits                                (abs)        000FAB
_SPBRG                                    (abs)        000FAF
_SPBRGH                                   (abs)        000FB0
_SPI_Exchange8bit                         text22       001C00
_SPI_Initialize                           text35       001C46
_SSPADD                                   (abs)        000FC8
_SSPBUF                                   (abs)        000FC9
_SSPCON1                                  (abs)        000FC6
_SSPCON1bits                              (abs)        000FC6
_SSPSTAT                                  (abs)        000FC7
_SSPSTATbits                              (abs)        000FC7
_SYSTEM_Initialize                        text26       001C1A
_T1CON                                    (abs)        000FCD
_T1CONbits                                (abs)        000FCD
_TABLAT                                   (abs)        000FF5
_TBLPTRH                                  (abs)        000FF7
_TBLPTRL                                  (abs)        000FF6
_TBLPTRU                                  (abs)        000FF8
_TMR1H                                    (abs)        000FCF
_TMR1L                                    (abs)        000FCE
_TMR1_DefaultInterruptHandler             text45       001C88
_TMR1_ISR                                 text44       001AC0
_TMR1_Initialize                          text27       00186A
_TMR1_InterruptHandler                    nvBANK0      0000FA
_TMR1_SetInterruptHandler                 text34       001C60
_TMR1_StartTimer                          text25       001C8E
_TRISA                                    (abs)        000F92
_TRISB                                    (abs)        000F93
_TRISBbits                                (abs)        000F93
_TRISC                                    (abs)        000F94
_TXREG                                    (abs)        000FAD
_TXSTA                                    (abs)        000FAC
_TXSTAbits                                (abs)        000FAC
_WPUB                                     (abs)        000F7C
__HRAM                                    (abs)        000000
__H__absolute__                           __absolute__ 000000
__Habs1                                   abs1         000000
__Hbank0                                  bank0        000000
__Hbank1                                  bank1        000000
__Hbank10                                 bank10       000000
__Hbank11                                 bank11       000000
__Hbank12                                 bank12       000000
__Hbank13                                 bank13       000000
__Hbank14                                 bank14       000000
__Hbank15                                 bank15       000000
__Hbank2                                  bank2        000000
__Hbank3                                  bank3        000000
__Hbank4                                  bank4        000000
__Hbank5                                  bank5        000000
__Hbank6                                  bank6        000000
__Hbank7                                  bank7        000000
__Hbank8                                  bank8        000000
__Hbank9                                  bank9        000000
__Hbigbss                                 bigbss       000000
__Hbigdata                                bigdata      000000
__Hbigram                                 bigram       000000
__Hbigsfr                                 bigsfr       000000
__Hbss                                    bss          000000
__HbssBANK0                               bssBANK0     000000
__HbssBANK1                               bssBANK1     000000
__HbssCOMRAM                              bssCOMRAM    000000
__Hcinit                                  cinit        000000
__Hclrtext                                clrtext      000000
__Hcomram                                 comram       000000
__Hconfig                                 config       30000E
__Hconst                                  const        000000
__HcstackBANK0                            cstackBANK0  000000
__HcstackCOMRAM                           cstackCOMRAM 000000
__Hdata                                   data         000000
__Heeprom_data                            eeprom_data  000000
__Hfarbss                                 farbss       000000
__Hfardata                                fardata      000000
__Hheap                                   heap         000000
__Hibigdata                               ibigdata     000000
__Hidata                                  idata        000000
__Hidloc                                  idloc        200008
__Hifardata                               ifardata     000000
__Hinit                                   init         0000AE
__Hintcode                                intcode      0000AA
__Hintcode_body                           intcode_body 000000
__Hintcodelo                              intcodelo    0000AA
__Hintentry                               intentry     000000
__Hintret                                 intret       000000
__Hintsave_regs                           intsave_regs 000000
__Hirdata                                 irdata       000000
__Hmediumconst                            mediumconst  010000
__HnvBANK0                                nvBANK0      000000
__HnvFARRAM                               nvFARRAM     000000
__Hnvbit                                  nvbit        000000
__Hnvrram                                 nvrram       000000
__Hparam                                  rparam       000000
__Hpowerup                                powerup      0000AA
__Hram                                    ram          000000
__Hramtop                                 ramtop       001000
__Hrbit                                   rbit         000000
__Hrbss                                   rbss         000000
__Hrdata                                  rdata        000000
__Hreset_vec                              reset_vec    000004
__Hrparam                                 rparam       000000
__Hsfr                                    sfr          000000
__Hsivt_hi                                sivt_hi      000000
__Hsivt_lo                                sivt_lo      000000
__Hsmallconst                             smallconst   000000
__Hspace_0                                (abs)        010000
__Hspace_1                                (abs)        000120
__Hspace_2                                (abs)        000000
__Hspace_4                                (abs)        60000E
__Hstack                                  stack        000000
__Hstruct                                 struct       000000
__Htemp                                   temp         00005A
__Htext                                   text         000000
__Htext0                                  text0        000000
__Htext1                                  text1        000000
__Htext10                                 text10       000000
__Htext11                                 text11       000000
__Htext12                                 text12       000000
__Htext13                                 text13       000000
__Htext14                                 text14       000000
__Htext15                                 text15       000000
__Htext16                                 text16       000000
__Htext17                                 text17       000000
__Htext18                                 text18       000000
__Htext19                                 text19       000000
__Htext2                                  text2        000000
__Htext20                                 text20       000000
__Htext21                                 text21       000000
__Htext22                                 text22       000000
__Htext23                                 text23       000000
__Htext24                                 text24       000000
__Htext25                                 text25       000000
__Htext26                                 text26       000000
__Htext27                                 text27       000000
__Htext28                                 text28       000000
__Htext29                                 text29       000000
__Htext3                                  text3        000000
__Htext30                                 text30       000000
__Htext31                                 text31       000000
__Htext32                                 text32       000000
__Htext33                                 text33       000000
__Htext34                                 text34       000000
__Htext35                                 text35       000000
__Htext36                                 text36       000000
__Htext37                                 text37       000000
__Htext38                                 text38       000000
__Htext39                                 text39       000000
__Htext4                                  text4        000000
__Htext40                                 text40       000000
__Htext41                                 text41       000000
__Htext43                                 text43       000000
__Htext44                                 text44       000000
__Htext45                                 text45       000000
__Htext46                                 text46       000000
__Htext5                                  text5        000000
__Htext6                                  text6        000000
__Htext7                                  text7        000000
__Htext8                                  text8        000000
__Htext9                                  text9        000000
__LRAM                                    (abs)        000001
__L__absolute__                           __absolute__ 000000
__Labs1                                   abs1         000000
__Lbank0                                  bank0        000000
__Lbank1                                  bank1        000000
__Lbank10                                 bank10       000000
__Lbank11                                 bank11       000000
__Lbank12                                 bank12       000000
__Lbank13                                 bank13       000000
__Lbank14                                 bank14       000000
__Lbank15                                 bank15       000000
__Lbank2                                  bank2        000000
__Lbank3                                  bank3        000000
__Lbank4                                  bank4        000000
__Lbank5                                  bank5        000000
__Lbank6                                  bank6        000000
__Lbank7                                  bank7        000000
__Lbank8                                  bank8        000000
__Lbank9                                  bank9        000000
__Lbigbss                                 bigbss       000000
__Lbigdata                                bigdata      000000
__Lbigram                                 bigram       000000
__Lbigsfr                                 bigsfr       000000
__Lbss                                    bss          000000
__LbssBANK0                               bssBANK0     000000
__LbssBANK1                               bssBANK1     000000
__LbssCOMRAM                              bssCOMRAM    000000
__Lcinit                                  cinit        000000
__Lclrtext                                clrtext      000000
__Lcomram                                 comram       000000
__Lconfig                                 config       000000
__Lconst                                  const        000000
__LcstackBANK0                            cstackBANK0  000000
__LcstackCOMRAM                           cstackCOMRAM 000000
__Ldata                                   data         000000
__Leeprom_data                            eeprom_data  000000
__Lfarbss                                 farbss       000000
__Lfardata                                fardata      000000
__Lheap                                   heap         000000
__Libigdata                               ibigdata     000000
__Lidata                                  idata        000000
__Lidloc                                  idloc        000000
__Lifardata                               ifardata     000000
__Linit                                   init         0000AA
__Lintcode                                intcode      000008
__Lintcode_body                           intcode_body 000000
__Lintcodelo                              intcodelo    0000AA
__Lintentry                               intentry     000000
__Lintret                                 intret       000000
__Lintsave_regs                           intsave_regs 000000
__Lirdata                                 irdata       000000
__Lmediumconst                            mediumconst  00F7F4
__LnvBANK0                                nvBANK0      000000
__LnvFARRAM                               nvFARRAM     000000
__Lnvbit                                  nvbit        000000
__Lnvrram                                 nvrram       000000
__Lparam                                  rparam       000000
__Lpowerup                                powerup      0000AA
__Lram                                    ram          000000
__Lramtop                                 ramtop       001000
__Lrbit                                   rbit         000000
__Lrbss                                   rbss         000000
__Lrdata                                  rdata        000000
__Lreset_vec                              reset_vec    000000
__Lrparam                                 rparam       000000
__Lsfr                                    sfr          000000
__Lsivt_hi                                sivt_hi      000000
__Lsivt_lo                                sivt_lo      000000
__Lsmallconst                             smallconst   000000
__Lspace_0                                (abs)        000000
__Lspace_1                                (abs)        000000
__Lspace_2                                (abs)        000000
__Lspace_4                                (abs)        000000
__Lstack                                  stack        000000
__Lstruct                                 struct       000000
__Ltemp                                   temp         000059
__Ltext                                   text         000000
__Ltext0                                  text0        000000
__Ltext1                                  text1        000000
__Ltext10                                 text10       000000
__Ltext11                                 text11       000000
__Ltext12                                 text12       000000
__Ltext13                                 text13       000000
__Ltext14                                 text14       000000
__Ltext15                                 text15       000000
__Ltext16                                 text16       000000
__Ltext17                                 text17       000000
__Ltext18                                 text18       000000
__Ltext19                                 text19       000000
__Ltext2                                  text2        000000
__Ltext20                                 text20       000000
__Ltext21                                 text21       000000
__Ltext22                                 text22       000000
__Ltext23                                 text23       000000
__Ltext24                                 text24       000000
__Ltext25                                 text25       000000
__Ltext26                                 text26       000000
__Ltext27                                 text27       000000
__Ltext28                                 text28       000000
__Ltext29                                 text29       000000
__Ltext3                                  text3        000000
__Ltext30                                 text30       000000
__Ltext31                                 text31       000000
__Ltext32                                 text32       000000
__Ltext33                                 text33       000000
__Ltext34                                 text34       000000
__Ltext35                                 text35       000000
__Ltext36                                 text36       000000
__Ltext37                                 text37       000000
__Ltext38                                 text38       000000
__Ltext39                                 text39       000000
__Ltext4                                  text4        000000
__Ltext40                                 text40       000000
__Ltext41                                 text41       000000
__Ltext43                                 text43       000000
__Ltext44                                 text44       000000
__Ltext45                                 text45       000000
__Ltext46                                 text46       000000
__Ltext5                                  text5        000000
__Ltext6                                  text6        000000
__Ltext7                                  text7        000000
__Ltext8                                  text8        000000
__Ltext9                                  text9        000000
__S0                                      (abs)        010000
__S1                                      (abs)        000120
__S4                                      (abs)        000000
__S5                                      (abs)        000000
___awdiv                                  text21       001156
___awdiv@counter                          cstackCOMRAM 00000A
___awdiv@dividend                         cstackCOMRAM 000006
___awdiv@divisor                          cstackCOMRAM 000008
___awdiv@quotient                         cstackCOMRAM 00000C
___awdiv@sign                             cstackCOMRAM 00000B
___awmod                                  text23       0015B6
___awmod@counter                          cstackCOMRAM 00000A
___awmod@dividend                         cstackCOMRAM 000006
___awmod@divisor                          cstackCOMRAM 000008
___awmod@sign                             cstackCOMRAM 00000B
___fladd                                  text30       0000AE
___fladd@a                                cstackCOMRAM 00000A
___fladd@aexp                             cstackCOMRAM 000013
___fladd@b                                cstackCOMRAM 000006
___fladd@bexp                             cstackCOMRAM 000014
___fladd@grs                              cstackCOMRAM 000015
___fladd@signs                            cstackCOMRAM 000012
___flge                                   text32       000EA2
___flge@ff1                               cstackCOMRAM 000006
___flge@ff2                               cstackCOMRAM 00000A
___flneg                                  text31       001A88
___flneg@f1                               cstackCOMRAM 000006
___flsub                                  text29       0019C4
___flsub@a                                cstackCOMRAM 00001A
___flsub@b                                cstackCOMRAM 000016
___fltol                                  text33       000D9C
___fltol@exp1                             cstackCOMRAM 000046
___fltol@f1                               cstackCOMRAM 00003D
___fltol@sign1                            cstackCOMRAM 000045
___heap_hi                                (abs)        000000
___heap_lo                                (abs)        000000
___inthi_sp                               stack        000000
___inthi_stack_hi                         stack        000000
___inthi_stack_lo                         stack        000000
___intlo_sp                               stack        000000
___intlo_stack_hi                         stack        000000
___intlo_stack_lo                         stack        000000
___lwdiv                                  text6        0017F6
___lwdiv@counter                          cstackCOMRAM 000010
___lwdiv@dividend                         cstackCOMRAM 00000C
___lwdiv@divisor                          cstackCOMRAM 00000E
___lwdiv@quotient                         cstackCOMRAM 000011
___param_bank                             (abs)        000000
___rparam_used                            (abs)        000001
___sp                                     stack        000000
___stack_hi                               stack        000000
___stack_lo                               stack        000000
___wmul                                   text5        001BB8
___wmul@multiplicand                      cstackCOMRAM 000008
___wmul@multiplier                        cstackCOMRAM 000006
___wmul@product                           cstackCOMRAM 00000A
__accesstop                               (abs)        000060
__activetblptr                            (abs)        000003
__end_of_EUSART_Initialize                text39       0019C4
__end_of_EUSART_SetRxInterruptHandler     text41       001C88
__end_of_EUSART_SetTxInterruptHandler     text40       001C7E
__end_of_FLASH_EraseBlock                 text14       001B60
__end_of_FLASH_ReadByte                   text15       001C46
__end_of_FLASH_WriteBlock                 text13       001090
__end_of_INTERRUPT_Initialize             text38       001C96
__end_of_INTERRUPT_InterruptManager       intcode      0000AA
__end_of_MAX7219_Dot_Matrix_font          mediumconst  00FFF5
__end_of_OSCILLATOR_Initialize            text37       001C74
__end_of_PIN_MANAGER_Initialize           text36       001C00
__end_of_SPI_Exchange8bit                 text22       001C1A
__end_of_SPI_Initialize                   text35       001C54
__end_of_SYSTEM_Initialize                text26       001C34
__end_of_TMR1_DefaultInterruptHandler     text45       001C8E
__end_of_TMR1_ISR                         text44       001AF8
__end_of_TMR1_Initialize                  text27       0018D2
__end_of_TMR1_SetInterruptHandler         text34       001C6A
__end_of_TMR1_StartTimer                  text25       001C92
__end_of___awdiv                          text21       00121A
__end_of___awmod                          text23       001666
__end_of___fladd                          text30       00056E
__end_of___flge                           text32       000FA6
__end_of___flneg                          text31       001AC0
__end_of___flsub                          text29       001A0A
__end_of___fltol                          text33       000EA2
__end_of___lwdiv                          text6        00186A
__end_of___wmul                           text5        001BDE
__end_of__initialization                  cinit        001B84
__end_of_btGetData                        text43       001704
__end_of_calculateTime                    text46       001A50
__end_of_checkButtons                     text11       000ADA
__end_of_clearAlarm                       text24       001C60
__end_of_clearDisplay                     text7        001A88
__end_of_delayMicroseconds                text4        001BB8
__end_of_displayAlarmTime                 text17       0015B6
__end_of_displayTime                      text16       001502
__end_of_flushBuffer                      text19       000D9C
__end_of_generateBeep                     text3        0017F6
__end_of_loadTimeFromFlash                text10       00144E
__end_of_main                             text0        001156
__end_of_matrixInit                       text8        001B2C
__end_of_max7219_cmd                      text9        001976
__end_of_max_write                        text20       0012DA
__end_of_printString                      text18       000C6E
__end_of_processAlarm                     text1        001924
__end_of_roundf                           text28       000844
__end_of_saveTimeToFlash                  text12       001782
__end_of_toint                            mediumconst  00FFF9
__end_of_triggerAlarm                     text2        001398
__initialization                          cinit        001B60
__mediumconst                             mediumconst  00F7F4
__pbssBANK0                               bssBANK0     000060
__pbssBANK1                               bssBANK1     000100
__pbssCOMRAM                              bssCOMRAM    000052
__pcinit                                  cinit        001B60
__pcstackBANK0                            cstackBANK0  0000B3
__pcstackCOMRAM                           cstackCOMRAM 000001
__pintcode                                intcode      000008
__pmediumconst                            mediumconst  00F7F4
__pnvBANK0                                nvBANK0      0000FA
__ptext0                                  text0        001090
__ptext1                                  text1        0018D2
__ptext10                                 text10       001398
__ptext11                                 text11       000844
__ptext12                                 text12       001704
__ptext13                                 text13       000FA6
__ptext14                                 text14       001B2C
__ptext15                                 text15       001C34
__ptext16                                 text16       00144E
__ptext17                                 text17       001502
__ptext18                                 text18       000ADA
__ptext19                                 text19       000C6E
__ptext2                                  text2        0012DA
__ptext20                                 text20       00121A
__ptext21                                 text21       001156
__ptext22                                 text22       001C00
__ptext23                                 text23       0015B6
__ptext24                                 text24       001C54
__ptext25                                 text25       001C8E
__ptext26                                 text26       001C1A
__ptext27                                 text27       00186A
__ptext28                                 text28       00056E
__ptext29                                 text29       0019C4
__ptext3                                  text3        001782
__ptext30                                 text30       0000AE
__ptext31                                 text31       001A88
__ptext32                                 text32       000EA2
__ptext33                                 text33       000D9C
__ptext34                                 text34       001C60
__ptext35                                 text35       001C46
__ptext36                                 text36       001BDE
__ptext37                                 text37       001C6A
__ptext38                                 text38       001C92
__ptext39                                 text39       001976
__ptext4                                  text4        001B8E
__ptext40                                 text40       001C74
__ptext41                                 text41       001C7E
__ptext43                                 text43       001666
__ptext44                                 text44       001AC0
__ptext45                                 text45       001C88
__ptext46                                 text46       001A0A
__ptext5                                  text5        001BB8
__ptext6                                  text6        0017F6
__ptext7                                  text7        001A50
__ptext8                                  text8        001AF8
__ptext9                                  text9        001924
__ramtop                                  ramtop       001000
__smallconst                              smallconst   000000
_alarmActive                              bssBANK0     0000AA
_alarmHours                               bssBANK0     0000AD
_alarmMinutes                             bssBANK0     0000AC
_alarmSet                                 bssBANK0     0000AB
_alarmTriggered                           bssBANK0     0000A9
_blinkTimer                               bssBANK0     0000A2
_btGetData                                text43       001666
_btTimeSet                                bssBANK0     0000A6
_bufferCol                                bssBANK0     000060
_button3PressTime                         bssBANK0     0000A0
_calculateTime                            text46       001A0A
_checkButtons                             text11       000844
_clearAlarm                               text24       001C54
_clearDisplay                             text7        001A50
_delayMicroseconds                        text4        001B8E
_displayAlarmTime                         text17       001502
_displayBlinking                          bssBANK0     0000A8
_displayTime                              text16       00144E
_eusartRxBuffer                           bssBANK0     00008A
_eusartRxCount                            bssBANK0     0000B1
_eusartRxHead                             bssCOMRAM    000055
_eusartRxTail                             bssBANK0     0000B2
_eusartTxBuffer                           bssBANK0     000092
_eusartTxBufferRemaining                  bssCOMRAM    000056
_eusartTxHead                             bssCOMRAM    000058
_eusartTxTail                             bssCOMRAM    000057
_flushBuffer                              text19       000C6E
_generateBeep                             text3        001782
_hours                                    bssBANK0     0000B0
_isButton3Pressed                         bssBANK0     0000A7
_loadTimeFromFlash                        text10       001398
_main                                     text0        001090
_matrixInit                               text8        001AF8
_max7219_cmd                              text9        001924
_max_write                                text20       00121A
_minutes                                  bssBANK0     0000AF
_printString                              text18       000ADA
_processAlarm                             text1        0018D2
_roundf                                   text28       00056E
_roundf$2190                              cstackCOMRAM 000034
_roundf$2191                              cstackCOMRAM 000026
_saveTimeToFlash                          text12       001704
_seconds                                  bssBANK0     0000AE
_timer1ReloadVal                          bssCOMRAM    000052
_triggerAlarm                             text2        0012DA
_uartBuffer                               bssBANK0     000080
_uartBufferIndex                          bssCOMRAM    000054
btGetData@rcv                             cstackCOMRAM 000001
btemp                                     temp         000059
checkButtons@alarmSettingMode             bssBANK0     0000A4
checkButtons@button3HoldTime              bssBANK0     00009E
checkButtons@button3PressCount            bssBANK0     0000A5
clearDisplay@i                            cstackCOMRAM 000046
delayMicroseconds@i                       cstackCOMRAM 000008
delayMicroseconds@microseconds            cstackCOMRAM 000006
displayAlarmTime@alarmTimeString          cstackBANK0  0000C3
displayAlarmTime@displayString            cstackBANK0  0000BE
displayAlarmTime@i                        cstackBANK0  0000C8
displayTime@displayString                 cstackBANK0  0000BE
displayTime@i                             cstackBANK0  0000C8
displayTime@timeString                    cstackBANK0  0000C3
end_of_initialization                     cinit        001B84
flushBuffer@bufferRow                     cstackCOMRAM 00001E
flushBuffer@dev                           cstackCOMRAM 00003E
flushBuffer@i                             cstackCOMRAM 000044
flushBuffer@j                             cstackCOMRAM 000040
flushBuffer@row                           cstackCOMRAM 000042
generateBeep@cycles                       cstackCOMRAM 000015
generateBeep@duration_ms                  cstackCOMRAM 000013
generateBeep@i                            cstackCOMRAM 000017
int$flags                                 temp         000059
intlevel0                                 text         000000
intlevel1                                 text         000000
intlevel2                                 text         000000
intlevel3                                 text         000000
isa$std                                   (abs)        000001
isa$xinst                                 (abs)        000000
main@hours_pom                            cstackBANK0  0000F8
main@minutes_pom                          cstackBANK0  0000F9
max7219_cmd@Addr                          cstackCOMRAM 00000A
max7219_cmd@data                          cstackCOMRAM 000007
max7219_cmd@i                             cstackCOMRAM 00000D
max7219_cmd@writeData                     cstackCOMRAM 00000B
max_write@data                            cstackCOMRAM 000010
max_write@dev                             cstackCOMRAM 000017
max_write@devTarget                       cstackCOMRAM 000015
max_write@offset                          cstackCOMRAM 000013
max_write@row                             cstackCOMRAM 00000E
max_write@writeData                       cstackCOMRAM 000019
printString@data                          cstackBANK0  0000B5
printString@i                             cstackBANK0  0000B8
printString@indx                          cstackBANK0  0000B3
printString@j                             cstackBANK0  0000BC
printString@k                             cstackBANK0  0000BA
printString@str                           cstackCOMRAM 000046
printString@strindx                       cstackBANK0  0000B6
roundf@F522                               bssBANK0     00009A
roundf@e                                  cstackCOMRAM 00002E
roundf@sign                               cstackCOMRAM 000038
roundf@u                                  cstackCOMRAM 000030
roundf@x                                  cstackCOMRAM 00001E
roundf@y                                  cstackCOMRAM 000039
roundf@z                                  cstackCOMRAM 00002A
saveTimeToFlash@flashAddress              cstackBANK0  0000F3
saveTimeToFlash@flashBuffer               cstackBANK0  0000B3
saveTimeToFlash@i                         cstackBANK0  0000F7
stackhi                                   (abs)        000000
stacklo                                   (abs)        000000
start                                     init         0000AA
start_initialization                      cinit        001B60
triggerAlarm@i                            cstackBANK0  0000C0
triggerAlarm@numCycles                    cstackBANK0  0000BE
ttemp5                                    temp         00005A
ttemp6                                    temp         00005D
ttemp7                                    temp         000061
wtemp8                                    temp         00005A


MODULE INFORMATION

Module		Function		Class		Link	Load	Size
C:\Program Files\Microchip\xc8\v2.46\pic\sources\c99\common\fltol.c
		___fltol       		CODE           	0D9C	0000	262

C:\Program Files\Microchip\xc8\v2.46\pic\sources\c99\common\fltol.c estimated size: 262

MAX7219.c
		_printString   		CODE           	0ADA	0000	404
		_clearDisplay  		CODE           	1A50	0000	56
		_flushBuffer   		CODE           	0C6E	0000	302
		_max_write     		CODE           	121A	0000	192
		_matrixInit    		CODE           	1AF8	0000	52
		_max7219_cmd   		CODE           	1924	0000	82

MAX7219.c estimated size: 1088

C:\Program Files\Microchip\xc8\v2.46\pic\sources\c99\common\roundf.c
		_roundf        		CODE           	056E	0000	726

C:\Program Files\Microchip\xc8\v2.46\pic\sources\c99\common\roundf.c estimated size: 726

C:\Program Files\Microchip\xc8\v2.46\pic\sources\c99\common\lwdiv.c
		___lwdiv       		CODE           	17F6	0000	116

C:\Program Files\Microchip\xc8\v2.46\pic\sources\c99\common\lwdiv.c estimated size: 116

C:\Program Files\Microchip\xc8\v2.46\pic\sources\c99\common\awdiv.c
		___awdiv       		CODE           	1156	0000	196

C:\Program Files\Microchip\xc8\v2.46\pic\sources\c99\common\awdiv.c estimated size: 196

mcc_generated_files/interrupt_manager.c
		_INTERRUPT_Initialize		CODE           	1C92	0000	4
		_INTERRUPT_InterruptManager		CODE           	0008	0000	162

mcc_generated_files/interrupt_manager.c estimated size: 166

mcc_generated_files/pin_manager.c
		_PIN_MANAGER_Initialize		CODE           	1BDE	0000	34

mcc_generated_files/pin_manager.c estimated size: 34

C:\Program Files\Microchip\xc8\v2.46\pic\sources\c99\common\flneg.c
		___flneg       		CODE           	1A88	0000	56

C:\Program Files\Microchip\xc8\v2.46\pic\sources\c99\common\flneg.c estimated size: 56

mcc_generated_files/spi.c
		_SPI_Exchange8bit		CODE           	1C00	0000	26
		_SPI_Initialize		CODE           	1C46	0000	14

mcc_generated_files/spi.c estimated size: 40

shared
		__initialization		CODE           	1B60	0000	36
		_toint         		MEDIUMCONST    	0000	0000	0
		_MAX7219_Dot_Matrix_font		MEDIUMCONST    	F7F5	0000	2048

shared estimated size: 2084

C:\Program Files\Microchip\xc8\v2.46\pic\sources\c99\common\Umul16.c
		___wmul        		CODE           	1BB8	0000	38

C:\Program Files\Microchip\xc8\v2.46\pic\sources\c99\common\Umul16.c estimated size: 38

mcc_generated_files/mcc.c
		_OSCILLATOR_Initialize		CODE           	1C6A	0000	10
		_SYSTEM_Initialize		CODE           	1C1A	0000	26

mcc_generated_files/mcc.c estimated size: 36

mcc_generated_files/tmr1.c
		_TMR1_Initialize		CODE           	186A	0000	104
		_TMR1_SetInterruptHandler		CODE           	1C60	0000	10
		_TMR1_DefaultInterruptHandler		CODE           	1C88	0000	6
		_TMR1_StartTimer		CODE           	1C8E	0000	4
		_TMR1_ISR      		CODE           	1AC0	0000	56

mcc_generated_files/tmr1.c estimated size: 180

C:\Program Files\Microchip\xc8\v2.46\pic\sources\c99\common\sprcadd.c
		___flsub       		CODE           	19C4	0000	70
		___fladd       		CODE           	00AE	0000	1216

C:\Program Files\Microchip\xc8\v2.46\pic\sources\c99\common\sprcadd.c estimated size: 1286

mcc_generated_files/memory.c
		_FLASH_EraseBlock		CODE           	1B2C	0000	52
		_FLASH_ReadByte		CODE           	1C34	0000	18
		_FLASH_WriteBlock		CODE           	0FA6	0000	234

mcc_generated_files/memory.c estimated size: 304

C:\Program Files\Microchip\xc8\v2.46\pic\sources\c99\common\awmod.c
		___awmod       		CODE           	15B6	0000	176

C:\Program Files\Microchip\xc8\v2.46\pic\sources\c99\common\awmod.c estimated size: 176

mcc_generated_files/eusart.c
		_EUSART_SetRxInterruptHandler		CODE           	1C7E	0000	10
		_EUSART_SetTxInterruptHandler		CODE           	1C74	0000	10
		_EUSART_Initialize		CODE           	1976	0000	78

mcc_generated_files/eusart.c estimated size: 98

main.c
		_triggerAlarm  		CODE           	12DA	0000	190
		_processAlarm  		CODE           	18D2	0000	82
		_delayMicroseconds		CODE           	1B8E	0000	42
		_displayTime   		CODE           	144E	0000	180
		_loadTimeFromFlash		CODE           	1398	0000	182
		_saveTimeToFlash		CODE           	1704	0000	126
		_displayAlarmTime		CODE           	1502	0000	180
		_main          		CODE           	1090	0000	198
		_clearAlarm    		CODE           	1C54	0000	12
		_btGetData     		CODE           	1666	0000	158
		_calculateTime 		CODE           	1A0A	0000	70
		_generateBeep  		CODE           	1782	0000	116
		_checkButtons  		CODE           	0844	0000	662

main.c estimated size: 2198

C:\Program Files\Microchip\xc8\v2.46\pic\sources\c99\common\flge.c
		___flge        		CODE           	0EA2	0000	260

C:\Program Files\Microchip\xc8\v2.46\pic\sources\c99\common\flge.c estimated size: 260

