Microchip MPLAB XC8 Compiler V2.46

Linker command line:

-W-3 \
  --edf=C:\Program Files\Microchip\xc8\v2.46\pic\dat\20240104201356_en.msgs \
  -cn -h+dist/default/production\PICMcuMax7219AlarmClock.X.production.sym \
  --cmf=dist/default/production\PICMcuMax7219AlarmClock.X.production.cmf -z \
  -Q18F26K20 -oC:\Users\martin\AppData\Local\Temp\xcBsmbg.1\driver_tmp_3.o \
  --defsym=__MPLAB_BUILD=1 --fixupoverflow=error \
  -Mdist/default/production/PICMcuMax7219AlarmClock.X.production.map \
  --md=C:\Users\martin\AppData\Local\Temp\xcBsmbg.1\driver_tmp_0.dat -E1 \
  -ver=XC8 Compiler --acfsm=1493 -ACODE=00h-0FFFFh -ACONST=00h-0FFFFh \
  -ASMALLCONST=01000h-010FFhx240 -AMEDIUMCONST=01000h-0FFFFh \
  -ACOMRAM=01h-05Fh -AABS1=00h-0F5Fh -ABIGRAM=01h-0F5Fh \
  -ARAM=060h-0FFh,0100h-01FFhx14,0F00h-0F5Fh -ABANK0=060h-0FFh \
  -ABANK1=0100h-01FFh -ABANK2=0200h-02FFh -ABANK3=0300h-03FFh \
  -ABANK4=0400h-04FFh -ABANK5=0500h-05FFh -ABANK6=0600h-06FFh \
  -ABANK7=0700h-07FFh -ABANK8=0800h-08FFh -ABANK9=0900h-09FFh \
  -ABANK10=0A00h-0AFFh -ABANK11=0B00h-0BFFh -ABANK12=0C00h-0CFFh \
  -ABANK13=0D00h-0DFFh -ABANK14=0E00h-0EFFh -ABANK15=0F00h-0F5Fh \
  -ASFR=0F60h-0FFFh -ABIGSFR=0F60h-0FFFh -ACONFIG=0300000h-030000Dh \
  -AIDLOC=0200000h-0200007h -AEEDATA=0F00000h-0F003FFh -peeprom_data=EEDATA \
  -preset_vec=00h,intcode=8h,intcodelo,powerup,init -pramtop=01000h \
  -psmallconst=SMALLCONST -pmediumconst=MEDIUMCONST -pconst=CONST \
  -AFARRAM=00h-00h \
  -prdata=COMRAM,nvrram=COMRAM,nvbit=COMRAM,rbss=COMRAM,rbit=COMRAM \
  -pfarbss=FARRAM,fardata=FARRAM,nvFARRAM=FARRAM \
  -pintsave_regs=BIGRAM,bigbss=BIGRAM,bigdata=BIGRAM -pbss=RAM \
  -pidata=CODE,irdata=CODE,ibigdata=CODE,ifardata=CODE -prparam=COMRAM \
  C:\Users\martin\AppData\Local\Temp\xcBsmbg.1\driver_tmp_9.o \
  dist/default/production\PICMcuMax7219AlarmClock.X.production.o 

Object code version is 3.11

Machine type is 18F26K20



                Name                               Link     Load   Length Selector   Space Scale
C:\Users\martin\AppData\Local\Temp\xcBsmbg.1\driver_tmp_9.o
                idloc                            200000   200000        8        0       5
                config                           300000   300000        E        0       4
                init                                 64       64        4        4       0
                reset_vec                             0        0        4        0       0
dist/default/production\PICMcuMax7219AlarmClock.X.production.o
                intcode                               8        8       5C        4       0
                idloc                            200000   200000        8        0       5
                config                           300000   300000        E        0       4
                temp                                 5C       5C        1        1       1
                mediumconst                        F7F8     F7F8      808     7BFC       0
                text36                              C22      C22       9E        4       0
                text34                             1048     1048        A        4       0
                text33                             103E     103E        A        4       0
                text32                              E38      E38       4E        4       0
                text31                             1056     1056        4        4       0
                text30                             1034     1034        A        4       0
                text29                              F70      F70       22        4       0
                text28                             100E     100E        E        4       0
                text27                             1000     1000        E        4       0
                text26                              F26      F26       28        4       0
                text25                              FEE      FEE       12        4       0
                text24                              F4E      F4E       22        4       0
                text23                              FC8      FC8       14        4       0
                text22                             1028     1028        C        4       0
                text21                             1052     1052        4        4       0
                text20                             101C     101C        C        4       0
                text19                              B72      B72       B0        4       0
                text18                              FAE      FAE       1A        4       0
                text17                              7CC      7CC       C4        4       0
                text16                              890      890       C0        4       0
                text15                              486      486      12E        4       0
                text14                              2FE      2FE      188        4       0
                text13                              ABE      ABE       B4        4       0
                text12                              A0A      A0A       B4        4       0
                text11                              FDC      FDC       12        4       0
                text10                              EF2      EF2       34        4       0
                text9                               6DE      6DE       EE        4       0
                text8                               CC0      CC0       7A        4       0
                text7                                68       68      296        4       0
                text6                               D3A      D3A       5A        4       0
                text5                               DE6      DE6       52        4       0
                text4                               EBE      EBE       34        4       0
                text3                               E86      E86       38        4       0
                text2                               950      950       BA        4       0
                text1                               D94      D94       52        4       0
                text0                               5B4      5B4      12A        4       0
                cstackCOMRAM                          1        1       58        1       1
                cstackBANK0                          D3       D3       10       60       1
                cstackBANK1                         100      100       45      100       1
                bssBANK0                             60       60       73       60       1
                bssCOMRAM                            59       59        3        1       1
                cinit                               F92      F92       1C        4       0
                nvBANK0                              E3       E3        4       60       1

TOTAL           Name                               Link     Load   Length     Space
        CLASS   CODE           
                intcode                               8        8       5C         0
                init                                 64       64        4         0
                reset_vec                             0        0        4         0
                text36                              C22      C22       9E         0
                text34                             1048     1048        A         0
                text33                             103E     103E        A         0
                text32                              E38      E38       4E         0
                text31                             1056     1056        4         0
                text30                             1034     1034        A         0
                text29                              F70      F70       22         0
                text28                             100E     100E        E         0
                text27                             1000     1000        E         0
                text26                              F26      F26       28         0
                text25                              FEE      FEE       12         0
                text24                              F4E      F4E       22         0
                text23                              FC8      FC8       14         0
                text22                             1028     1028        C         0
                text21                             1052     1052        4         0
                text20                             101C     101C        C         0
                text19                              B72      B72       B0         0
                text18                              FAE      FAE       1A         0
                text17                              7CC      7CC       C4         0
                text16                              890      890       C0         0
                text15                              486      486      12E         0
                text14                              2FE      2FE      188         0
                text13                              ABE      ABE       B4         0
                text12                              A0A      A0A       B4         0
                text11                              FDC      FDC       12         0
                text10                              EF2      EF2       34         0
                text9                               6DE      6DE       EE         0
                text8                               CC0      CC0       7A         0
                text7                                68       68      296         0
                text6                               D3A      D3A       5A         0
                text5                               DE6      DE6       52         0
                text4                               EBE      EBE       34         0
                text3                               E86      E86       38         0
                text2                               950      950       BA         0
                text1                               D94      D94       52         0
                text0                               5B4      5B4      12A         0
                cinit                               F92      F92       1C         0

        CLASS   CONST          

        CLASS   SMALLCONST     

        CLASS   MEDIUMCONST    
                mediumconst                        F7F8     F7F8      808         0

        CLASS   COMRAM         
                temp                                 5C       5C        1         1
                cstackCOMRAM                          1        1       58         1
                bssCOMRAM                            59       59        3         1

        CLASS   ABS1           

        CLASS   BIGRAM         

        CLASS   RAM            

        CLASS   BANK0          
                cstackBANK0                          D3       D3       10         1
                bssBANK0                             60       60       73         1
                nvBANK0                              E3       E3        4         1

        CLASS   BANK1          
                cstackBANK1                         100      100       45         1

        CLASS   BANK2          

        CLASS   BANK3          

        CLASS   BANK4          

        CLASS   BANK5          

        CLASS   BANK6          

        CLASS   BANK7          

        CLASS   BANK8          

        CLASS   BANK9          

        CLASS   BANK10         

        CLASS   BANK11         

        CLASS   BANK12         

        CLASS   BANK13         

        CLASS   BANK14         

        CLASS   BANK15         

        CLASS   SFR            

        CLASS   BIGSFR         

        CLASS   CONFIG         
                config                           300000   300000        E         4

        CLASS   IDLOC          
                idloc                            200000   200000        8         5

        CLASS   EEDATA         

        CLASS   FARRAM         

        CLASS   HEAP           

        CLASS   STACK          



SEGMENTS        Name                           Load    Length   Top    Selector   Space  Class

                reset_vec                      000000  000004  000004         0       0  CODE    
                cstackCOMRAM                   000001  00005C  00005D         1       1  COMRAM  
                intcode                        000008  001052  00105A         4       0  CODE    
                bssBANK0                       000060  000087  0000E7        60       1  BANK0   
                cstackBANK1                    000100  000045  000145       100       1  BANK1   
                mediumconst                    00F7F8  000808  010000      7BFC       0  MEDIUMCO


UNUSED ADDRESS RANGES

        Name                Unused          Largest block    Delta
        BANK0            0000E7-0000FF               19
        BANK1            000145-0001FF               BB
        BANK10           000A00-000AFF              100
        BANK11           000B00-000BFF              100
        BANK12           000C00-000CFF              100
        BANK13           000D00-000DFF              100
        BANK14           000E00-000EFF              100
        BANK15           000F00-000F5F               60
        BANK2            000200-0002FF              100
        BANK3            000300-0003FF              100
        BANK4            000400-0004FF              100
        BANK5            000500-0005FF              100
        BANK6            000600-0006FF              100
        BANK7            000700-0007FF              100
        BANK8            000800-0008FF              100
        BANK9            000900-0009FF              100
        BIGRAM           00005D-00005F                3
                         0000E7-0000FF               19
                         000145-000F5F              E1B
        BIGSFR           000F60-000FFF               A0
        CODE             000004-000007                4
                         00105A-00F7F7             E79E
        COMRAM           00005D-00005F                3
        CONST            000004-000007                4
                         00105A-00F7F7             E79E
        EEDATA           F00000-F003FF              400
        MEDIUMCONST      00105A-00F7F7             E79E
        RAM              0000E7-0000FF               19
                         000145-000F5F              100
        SFR              000F60-000FFF               A0
        SMALLCONST       00105A-00F7F7              100

                                  Symbol Table

?___awdiv                             cstackCOMRAM 000004
?___awmod                             cstackCOMRAM 000004
EUSART_SetRxInterruptHandler@handler  cstackCOMRAM 000004
EUSART_SetTxInterruptHandler@handler  cstackCOMRAM 000004
FLASH_EraseBlock@GIEBitValue          cstackCOMRAM 000008
FLASH_EraseBlock@baseAddr             cstackCOMRAM 000004
FLASH_ReadByte@flashAddr              cstackCOMRAM 000004
FLASH_WriteBlock@GIEBitValue          cstackCOMRAM 000013
FLASH_WriteBlock@blockStartAddr       cstackCOMRAM 00000F
FLASH_WriteBlock@dataCounter          cstackCOMRAM 000016
FLASH_WriteBlock@flashWrBufPtr        cstackCOMRAM 00000D
FLASH_WriteBlock@i                    cstackCOMRAM 000017
FLASH_WriteBlock@j                    cstackCOMRAM 000014
FLASH_WriteBlock@numberOfWriteBlocks  cstackCOMRAM 000015
FLASH_WriteBlock@writeAddr            cstackCOMRAM 000009
SPI_Exchange8bit@data                 cstackCOMRAM 000004
_ANSEL                                (abs)        000F7E
_ANSELH                               (abs)        000F7F
_BAUDCON                              (abs)        000FB8
_CCP2CON                              (abs)        000FBA
_CCPR2H                               (abs)        000FBC
_CCPR2L                               (abs)        000FBB
_EEADR                                (abs)        000FA9
_EEADRH                               (abs)        000FAA
_EECON1bits                           (abs)        000FA6
_EECON2                               (abs)        000FA7
_EEDATA                               (abs)        000FA8
_EUSART_Initialize                    text32       000E38
_EUSART_Receive_ISR                   (abs)        000000
_EUSART_RxDefaultInterruptHandler     nvBANK0      0000E3
_EUSART_SetRxInterruptHandler         text34       001048
_EUSART_SetTxInterruptHandler         text33       00103E
_EUSART_Transmit_ISR                  (abs)        000000
_EUSART_TxDefaultInterruptHandler     nvBANK0      0000E5
_FLASH_EraseBlock                     text10       000EF2
_FLASH_ReadByte                       text11       000FDC
_FLASH_WriteBlock                     text9        0006DE
_INTCON2bits                          (abs)        000FF1
_INTCONbits                           (abs)        000FF2
_INTERRUPT_Initialize                 text31       001056
_INTERRUPT_InterruptManager           intcode      000008
_LATA                                 (abs)        000F89
_LATB                                 (abs)        000F8A
_LATC                                 (abs)        000F8B
_LATCbits                             (abs)        000F8B
_MAX7219_Dot_Matrix_font              mediumconst  00F7F9
_OSCCON                               (abs)        000FD3
_OSCILLATOR_Initialize                text30       001034
_OSCTUNE                              (abs)        000F9B
_PIE1bits                             (abs)        000F9D
_PIN_MANAGER_Initialize               text29       000F70
_PIR1bits                             (abs)        000F9E
_PIR2bits                             (abs)        000FA1
_PORTBbits                            (abs)        000F81
_PR2                                  (abs)        000FCB
_PWM2_Initialize                      text28       00100E
_RCONbits                             (abs)        000FD0
_RCREG                                (abs)        000FAE
_RCSTA                                (abs)        000FAB
_RCSTAbits                            (abs)        000FAB
_SPBRG                                (abs)        000FAF
_SPBRGH                               (abs)        000FB0
_SPI_Exchange8bit                     text18       000FAE
_SPI_Initialize                       text27       001000
_SSPADD                               (abs)        000FC8
_SSPBUF                               (abs)        000FC9
_SSPCON1                              (abs)        000FC6
_SSPCON1bits                          (abs)        000FC6
_SSPSTAT                              (abs)        000FC7
_SSPSTATbits                          (abs)        000FC7
_SYSTEM_Initialize                    text24       000F4E
_T0CON                                (abs)        000FD5
_T0CONbits                            (abs)        000FD5
_T2CON                                (abs)        000FCA
_T2CONbits                            (abs)        000FCA
_TABLAT                               (abs)        000FF5
_TBLPTRH                              (abs)        000FF7
_TBLPTRL                              (abs)        000FF6
_TBLPTRU                              (abs)        000FF8
_TMR0H                                (abs)        000FD7
_TMR0L                                (abs)        000FD6
_TMR0_HasOverflowOccured              text23       000FC8
_TMR0_Initialize                      text26       000F26
_TMR0_Reload                          text22       001028
_TMR0_StartTimer                      text21       001052
_TMR2                                 (abs)        000FCC
_TMR2_Initialize                      text25       000FEE
_TRISA                                (abs)        000F92
_TRISB                                (abs)        000F93
_TRISC                                (abs)        000F94
_TXREG                                (abs)        000FAD
_TXSTA                                (abs)        000FAC
_TXSTAbits                            (abs)        000FAC
_WPUB                                 (abs)        000F7C
__HRAM                                (abs)        000000
__H__absolute__                       __absolute__ 000000
__Habs1                               abs1         000000
__Hbank0                              bank0        000000
__Hbank1                              bank1        000000
__Hbank10                             bank10       000000
__Hbank11                             bank11       000000
__Hbank12                             bank12       000000
__Hbank13                             bank13       000000
__Hbank14                             bank14       000000
__Hbank15                             bank15       000000
__Hbank2                              bank2        000000
__Hbank3                              bank3        000000
__Hbank4                              bank4        000000
__Hbank5                              bank5        000000
__Hbank6                              bank6        000000
__Hbank7                              bank7        000000
__Hbank8                              bank8        000000
__Hbank9                              bank9        000000
__Hbigbss                             bigbss       000000
__Hbigdata                            bigdata      000000
__Hbigram                             bigram       000000
__Hbigsfr                             bigsfr       000000
__Hbss                                bss          000000
__HbssBANK0                           bssBANK0     000000
__HbssCOMRAM                          bssCOMRAM    000000
__Hcinit                              cinit        000000
__Hclrtext                            clrtext      000000
__Hcomram                             comram       000000
__Hconfig                             config       30000E
__Hconst                              const        000000
__HcstackBANK0                        cstackBANK0  000000
__HcstackBANK1                        cstackBANK1  000000
__HcstackCOMRAM                       cstackCOMRAM 000000
__Hdata                               data         000000
__Heeprom_data                        eeprom_data  000000
__Hfarbss                             farbss       000000
__Hfardata                            fardata      000000
__Hheap                               heap         000000
__Hibigdata                           ibigdata     000000
__Hidata                              idata        000000
__Hidloc                              idloc        200008
__Hifardata                           ifardata     000000
__Hinit                               init         000068
__Hintcode                            intcode      000064
__Hintcode_body                       intcode_body 000000
__Hintcodelo                          intcodelo    000064
__Hintentry                           intentry     000000
__Hintret                             intret       000000
__Hintsave_regs                       intsave_regs 000000
__Hirdata                             irdata       000000
__Hmediumconst                        mediumconst  010000
__HnvBANK0                            nvBANK0      000000
__HnvFARRAM                           nvFARRAM     000000
__Hnvbit                              nvbit        000000
__Hnvrram                             nvrram       000000
__Hparam                              rparam       000000
__Hpowerup                            powerup      000064
__Hram                                ram          000000
__Hramtop                             ramtop       001000
__Hrbit                               rbit         000000
__Hrbss                               rbss         000000
__Hrdata                              rdata        000000
__Hreset_vec                          reset_vec    000004
__Hrparam                             rparam       000000
__Hsfr                                sfr          000000
__Hsivt_hi                            sivt_hi      000000
__Hsivt_lo                            sivt_lo      000000
__Hsmallconst                         smallconst   000000
__Hspace_0                            (abs)        010000
__Hspace_1                            (abs)        000145
__Hspace_2                            (abs)        000000
__Hspace_4                            (abs)        60000E
__Hstack                              stack        000000
__Hstruct                             struct       000000
__Htemp                               temp         00005D
__Htext                               text         000000
__Htext0                              text0        000000
__Htext1                              text1        000000
__Htext10                             text10       000000
__Htext11                             text11       000000
__Htext12                             text12       000000
__Htext13                             text13       000000
__Htext14                             text14       000000
__Htext15                             text15       000000
__Htext16                             text16       000000
__Htext17                             text17       000000
__Htext18                             text18       000000
__Htext19                             text19       000000
__Htext2                              text2        000000
__Htext20                             text20       000000
__Htext21                             text21       000000
__Htext22                             text22       000000
__Htext23                             text23       000000
__Htext24                             text24       000000
__Htext25                             text25       000000
__Htext26                             text26       000000
__Htext27                             text27       000000
__Htext28                             text28       000000
__Htext29                             text29       000000
__Htext3                              text3        000000
__Htext30                             text30       000000
__Htext31                             text31       000000
__Htext32                             text32       000000
__Htext33                             text33       000000
__Htext34                             text34       000000
__Htext36                             text36       000000
__Htext4                              text4        000000
__Htext5                              text5        000000
__Htext6                              text6        000000
__Htext7                              text7        000000
__Htext8                              text8        000000
__Htext9                              text9        000000
__LRAM                                (abs)        000001
__L__absolute__                       __absolute__ 000000
__Labs1                               abs1         000000
__Lbank0                              bank0        000000
__Lbank1                              bank1        000000
__Lbank10                             bank10       000000
__Lbank11                             bank11       000000
__Lbank12                             bank12       000000
__Lbank13                             bank13       000000
__Lbank14                             bank14       000000
__Lbank15                             bank15       000000
__Lbank2                              bank2        000000
__Lbank3                              bank3        000000
__Lbank4                              bank4        000000
__Lbank5                              bank5        000000
__Lbank6                              bank6        000000
__Lbank7                              bank7        000000
__Lbank8                              bank8        000000
__Lbank9                              bank9        000000
__Lbigbss                             bigbss       000000
__Lbigdata                            bigdata      000000
__Lbigram                             bigram       000000
__Lbigsfr                             bigsfr       000000
__Lbss                                bss          000000
__LbssBANK0                           bssBANK0     000000
__LbssCOMRAM                          bssCOMRAM    000000
__Lcinit                              cinit        000000
__Lclrtext                            clrtext      000000
__Lcomram                             comram       000000
__Lconfig                             config       000000
__Lconst                              const        000000
__LcstackBANK0                        cstackBANK0  000000
__LcstackBANK1                        cstackBANK1  000000
__LcstackCOMRAM                       cstackCOMRAM 000000
__Ldata                               data         000000
__Leeprom_data                        eeprom_data  000000
__Lfarbss                             farbss       000000
__Lfardata                            fardata      000000
__Lheap                               heap         000000
__Libigdata                           ibigdata     000000
__Lidata                              idata        000000
__Lidloc                              idloc        000000
__Lifardata                           ifardata     000000
__Linit                               init         000064
__Lintcode                            intcode      000008
__Lintcode_body                       intcode_body 000000
__Lintcodelo                          intcodelo    000064
__Lintentry                           intentry     000000
__Lintret                             intret       000000
__Lintsave_regs                       intsave_regs 000000
__Lirdata                             irdata       000000
__Lmediumconst                        mediumconst  00F7F8
__LnvBANK0                            nvBANK0      000000
__LnvFARRAM                           nvFARRAM     000000
__Lnvbit                              nvbit        000000
__Lnvrram                             nvrram       000000
__Lparam                              rparam       000000
__Lpowerup                            powerup      000064
__Lram                                ram          000000
__Lramtop                             ramtop       001000
__Lrbit                               rbit         000000
__Lrbss                               rbss         000000
__Lrdata                              rdata        000000
__Lreset_vec                          reset_vec    000000
__Lrparam                             rparam       000000
__Lsfr                                sfr          000000
__Lsivt_hi                            sivt_hi      000000
__Lsivt_lo                            sivt_lo      000000
__Lsmallconst                         smallconst   000000
__Lspace_0                            (abs)        000000
__Lspace_1                            (abs)        000000
__Lspace_2                            (abs)        000000
__Lspace_4                            (abs)        000000
__Lstack                              stack        000000
__Lstruct                             struct       000000
__Ltemp                               temp         00005C
__Ltext                               text         000000
__Ltext0                              text0        000000
__Ltext1                              text1        000000
__Ltext10                             text10       000000
__Ltext11                             text11       000000
__Ltext12                             text12       000000
__Ltext13                             text13       000000
__Ltext14                             text14       000000
__Ltext15                             text15       000000
__Ltext16                             text16       000000
__Ltext17                             text17       000000
__Ltext18                             text18       000000
__Ltext19                             text19       000000
__Ltext2                              text2        000000
__Ltext20                             text20       000000
__Ltext21                             text21       000000
__Ltext22                             text22       000000
__Ltext23                             text23       000000
__Ltext24                             text24       000000
__Ltext25                             text25       000000
__Ltext26                             text26       000000
__Ltext27                             text27       000000
__Ltext28                             text28       000000
__Ltext29                             text29       000000
__Ltext3                              text3        000000
__Ltext30                             text30       000000
__Ltext31                             text31       000000
__Ltext32                             text32       000000
__Ltext33                             text33       000000
__Ltext34                             text34       000000
__Ltext36                             text36       000000
__Ltext4                              text4        000000
__Ltext5                              text5        000000
__Ltext6                              text6        000000
__Ltext7                              text7        000000
__Ltext8                              text8        000000
__Ltext9                              text9        000000
__S0                                  (abs)        010000
__S1                                  (abs)        000145
__S4                                  (abs)        000000
__S5                                  (abs)        000000
___awdiv                              text17       0007CC
___awdiv@counter                      cstackCOMRAM 000008
___awdiv@dividend                     cstackCOMRAM 000004
___awdiv@divisor                      cstackCOMRAM 000006
___awdiv@quotient                     cstackCOMRAM 00000A
___awdiv@sign                         cstackCOMRAM 000009
___awmod                              text19       000B72
___awmod@counter                      cstackCOMRAM 000008
___awmod@dividend                     cstackCOMRAM 000004
___awmod@divisor                      cstackCOMRAM 000006
___awmod@sign                         cstackCOMRAM 000009
___heap_hi                            (abs)        000000
___heap_lo                            (abs)        000000
___inthi_sp                           stack        000000
___inthi_stack_hi                     stack        000000
___inthi_stack_lo                     stack        000000
___intlo_sp                           stack        000000
___intlo_stack_hi                     stack        000000
___intlo_stack_lo                     stack        000000
___param_bank                         (abs)        000000
___rparam_used                        (abs)        000001
___sp                                 stack        000000
___stack_hi                           stack        000000
___stack_lo                           stack        000000
__accesstop                           (abs)        000060
__activetblptr                        (abs)        000003
__end_of_EUSART_Initialize            text32       000E86
__end_of_EUSART_SetRxInterruptHandler text34       001052
__end_of_EUSART_SetTxInterruptHandler text33       001048
__end_of_FLASH_EraseBlock             text10       000F26
__end_of_FLASH_ReadByte               text11       000FEE
__end_of_FLASH_WriteBlock             text9        0007CC
__end_of_INTERRUPT_Initialize         text31       00105A
__end_of_INTERRUPT_InterruptManager   intcode      000064
__end_of_MAX7219_Dot_Matrix_font      mediumconst  00FFF9
__end_of_OSCILLATOR_Initialize        text30       00103E
__end_of_PIN_MANAGER_Initialize       text29       000F92
__end_of_PWM2_Initialize              text28       00101C
__end_of_SPI_Exchange8bit             text18       000FC8
__end_of_SPI_Initialize               text27       00100E
__end_of_SYSTEM_Initialize            text24       000F70
__end_of_TMR0_HasOverflowOccured      text23       000FDC
__end_of_TMR0_Initialize              text26       000F4E
__end_of_TMR0_Reload                  text22       001034
__end_of_TMR0_StartTimer              text21       001056
__end_of_TMR2_Initialize              text25       001000
__end_of___awdiv                      text17       000890
__end_of___awmod                      text19       000C22
__end_of__initialization              cinit        000FA4
__end_of_btGetData                    text36       000CC0
__end_of_checkButtons                 text7        0002FE
__end_of_clearAlarm                   text20       001028
__end_of_clearDisplay                 text3        000EBE
__end_of_displayAlarmTime             text13       000B72
__end_of_displayTime                  text12       000ABE
__end_of_flushBuffer                  text15       0005B4
__end_of_loadTimeFromFlash            text6        000D94
__end_of_main                         text0        0006DE
__end_of_matrixInit                   text4        000EF2
__end_of_max7219_cmd                  text5        000E38
__end_of_max_write                    text16       000950
__end_of_printString                  text14       000486
__end_of_processAlarm                 text1        000DE6
__end_of_saveTimeToFlash              text8        000D3A
__end_of_triggerAlarm                 text2        000A0A
__initialization                      cinit        000F92
__mediumconst                         mediumconst  00F7F8
__pbssBANK0                           bssBANK0     000060
__pbssCOMRAM                          bssCOMRAM    000059
__pcinit                              cinit        000F92
__pcstackBANK0                        cstackBANK0  0000D3
__pcstackBANK1                        cstackBANK1  000100
__pcstackCOMRAM                       cstackCOMRAM 000001
__pintcode                            intcode      000008
__pmediumconst                        mediumconst  00F7F8
__pnvBANK0                            nvBANK0      0000E3
__ptext0                              text0        0005B4
__ptext1                              text1        000D94
__ptext10                             text10       000EF2
__ptext11                             text11       000FDC
__ptext12                             text12       000A0A
__ptext13                             text13       000ABE
__ptext14                             text14       0002FE
__ptext15                             text15       000486
__ptext16                             text16       000890
__ptext17                             text17       0007CC
__ptext18                             text18       000FAE
__ptext19                             text19       000B72
__ptext2                              text2        000950
__ptext20                             text20       00101C
__ptext21                             text21       001052
__ptext22                             text22       001028
__ptext23                             text23       000FC8
__ptext24                             text24       000F4E
__ptext25                             text25       000FEE
__ptext26                             text26       000F26
__ptext27                             text27       001000
__ptext28                             text28       00100E
__ptext29                             text29       000F70
__ptext3                              text3        000E86
__ptext30                             text30       001034
__ptext31                             text31       001056
__ptext32                             text32       000E38
__ptext33                             text33       00103E
__ptext34                             text34       001048
__ptext36                             text36       000C22
__ptext4                              text4        000EBE
__ptext5                              text5        000DE6
__ptext6                              text6        000D3A
__ptext7                              text7        000068
__ptext8                              text8        000CC0
__ptext9                              text9        0006DE
__ramtop                              ramtop       001000
__smallconst                          smallconst   000000
_alarmActive                          bssBANK0     0000C8
_alarmHours                           bssBANK0     0000CB
_alarmMinutes                         bssBANK0     0000CA
_alarmSet                             bssBANK0     0000C9
_alarmTriggered                       bssBANK0     0000C7
_blinkTimer                           bssBANK0     0000BE
_btGetData                            text36       000C22
_btTimeSet                            bssBANK0     0000C4
_bufferCol                            bssBANK0     000080
_button3PressTime                     bssBANK0     0000BC
_checkButtons                         text7        000068
_clearAlarm                           text20       00101C
_clearDisplay                         text3        000E86
_displayAlarmTime                     text13       000ABE
_displayBlinking                      bssBANK0     0000C6
_displayTime                          text12       000A0A
_eusartRxBuffer                       bssBANK0     0000AA
_eusartRxCount                        bssBANK0     0000CF
_eusartRxHead                         bssBANK0     0000D1
_eusartRxTail                         bssBANK0     0000D0
_eusartTxBuffer                       bssBANK0     0000B2
_eusartTxBufferRemaining              bssBANK0     0000D2
_eusartTxHead                         bssCOMRAM    00005B
_eusartTxTail                         bssCOMRAM    00005A
_flushBuffer                          text15       000486
_hours                                bssBANK0     0000CE
_isButton3Pressed                     bssBANK0     0000C5
_loadTimeFromFlash                    text6        000D3A
_main                                 text0        0005B4
_matrixInit                           text4        000EBE
_max7219_cmd                          text5        000DE6
_max_write                            text16       000890
_minutes                              bssBANK0     0000CD
_printString                          text14       0002FE
_processAlarm                         text1        000D94
_saveTimeToFlash                      text8        000CC0
_seconds                              bssBANK0     0000CC
_timer0ReloadVal                      bssBANK0     0000C0
_triggerAlarm                         text2        000950
_uartBuffer                           bssBANK0     0000A0
_uartBufferIndex                      bssCOMRAM    000059
btGetData@rcv                         cstackCOMRAM 000001
btemp                                 temp         00005C
checkButtons@alarmSettingMode         bssBANK0     0000C2
checkButtons@button3HoldTime          bssBANK0     0000BA
checkButtons@button3PressCount        bssBANK0     0000C3
clearDisplay@i                        cstackCOMRAM 000044
displayAlarmTime@alarmTimeString      cstackBANK0  0000D8
displayAlarmTime@displayString        cstackBANK0  0000D3
displayAlarmTime@i                    cstackBANK0  0000DD
displayTime@displayString             cstackBANK0  0000D3
displayTime@i                         cstackBANK0  0000DD
displayTime@timeString                cstackBANK0  0000D8
end_of_initialization                 cinit        000FA4
flushBuffer@bufferRow                 cstackCOMRAM 00001C
flushBuffer@dev                       cstackCOMRAM 00003C
flushBuffer@i                         cstackCOMRAM 000042
flushBuffer@j                         cstackCOMRAM 00003E
flushBuffer@row                       cstackCOMRAM 000040
int$flags                             temp         00005C
intlevel0                             text         000000
intlevel1                             text         000000
intlevel2                             text         000000
intlevel3                             text         000000
isa$std                               (abs)        000001
isa$xinst                             (abs)        000000
main@hours_pom                        cstackBANK0  0000E1
main@minutes_pom                      cstackBANK0  0000E2
max7219_cmd@Addr                      cstackCOMRAM 000008
max7219_cmd@data                      cstackCOMRAM 000005
max7219_cmd@i                         cstackCOMRAM 00000B
max7219_cmd@writeData                 cstackCOMRAM 000009
max_write@data                        cstackCOMRAM 00000E
max_write@dev                         cstackCOMRAM 000015
max_write@devTarget                   cstackCOMRAM 000013
max_write@offset                      cstackCOMRAM 000011
max_write@row                         cstackCOMRAM 00000C
max_write@writeData                   cstackCOMRAM 000017
printString@data                      cstackCOMRAM 000050
printString@i                         cstackCOMRAM 000053
printString@indx                      cstackCOMRAM 00004E
printString@j                         cstackCOMRAM 000057
printString@k                         cstackCOMRAM 000055
printString@str                       cstackCOMRAM 000044
printString@strindx                   cstackCOMRAM 000051
saveTimeToFlash@flashAddress          cstackBANK1  000140
saveTimeToFlash@flashBuffer           cstackBANK1  000100
saveTimeToFlash@i                     cstackBANK1  000144
stackhi                               (abs)        000000
stacklo                               (abs)        000000
start                                 init         000064
start_initialization                  cinit        000F92
triggerAlarm@i                        cstackBANK0  0000D7
triggerAlarm@numCycles                cstackBANK0  0000D5
ttemp5                                temp         00005D
ttemp6                                temp         000060
ttemp7                                temp         000064
wtemp8                                temp         00005D


MODULE INFORMATION

Module		Function		Class		Link	Load	Size
MAX7219.c
		_printString   		CODE           	02FE	0000	392
		_clearDisplay  		CODE           	0E86	0000	56
		_flushBuffer   		CODE           	0486	0000	302
		_max_write     		CODE           	0890	0000	192
		_matrixInit    		CODE           	0EBE	0000	52
		_max7219_cmd   		CODE           	0DE6	0000	82

MAX7219.c estimated size: 1076

C:\Program Files\Microchip\xc8\v2.46\pic\sources\c99\common\awdiv.c
		___awdiv       		CODE           	07CC	0000	196

C:\Program Files\Microchip\xc8\v2.46\pic\sources\c99\common\awdiv.c estimated size: 196

mcc_generated_files/tmr2.c
		_TMR2_Initialize		CODE           	0FEE	0000	18

mcc_generated_files/tmr2.c estimated size: 18

mcc_generated_files/interrupt_manager.c
		_INTERRUPT_Initialize		CODE           	1056	0000	4
		_INTERRUPT_InterruptManager		CODE           	0008	0000	92

mcc_generated_files/interrupt_manager.c estimated size: 96

mcc_generated_files/pwm2.c
		_PWM2_Initialize		CODE           	100E	0000	14

mcc_generated_files/pwm2.c estimated size: 14

mcc_generated_files/tmr0.c
		_TMR0_Reload   		CODE           	1028	0000	12
		_TMR0_StartTimer		CODE           	1052	0000	4
		_TMR0_HasOverflowOccured		CODE           	0FC8	0000	20
		_TMR0_Initialize		CODE           	0F26	0000	40

mcc_generated_files/tmr0.c estimated size: 76

mcc_generated_files/pin_manager.c
		_PIN_MANAGER_Initialize		CODE           	0F70	0000	34

mcc_generated_files/pin_manager.c estimated size: 34

mcc_generated_files/spi.c
		_SPI_Exchange8bit		CODE           	0FAE	0000	26
		_SPI_Initialize		CODE           	1000	0000	14

mcc_generated_files/spi.c estimated size: 40

shared
		__initialization		CODE           	0F92	0000	18
		_MAX7219_Dot_Matrix_font		MEDIUMCONST    	F7F9	0000	2048

shared estimated size: 2066

mcc_generated_files/mcc.c
		_OSCILLATOR_Initialize		CODE           	1034	0000	10
		_SYSTEM_Initialize		CODE           	0F4E	0000	34

mcc_generated_files/mcc.c estimated size: 44

mcc_generated_files/memory.c
		_FLASH_EraseBlock		CODE           	0EF2	0000	52
		_FLASH_ReadByte		CODE           	0FDC	0000	18
		_FLASH_WriteBlock		CODE           	06DE	0000	238

mcc_generated_files/memory.c estimated size: 308

C:\Program Files\Microchip\xc8\v2.46\pic\sources\c99\common\awmod.c
		___awmod       		CODE           	0B72	0000	176

C:\Program Files\Microchip\xc8\v2.46\pic\sources\c99\common\awmod.c estimated size: 176

mcc_generated_files/eusart.c
		_EUSART_SetRxInterruptHandler		CODE           	1048	0000	10
		_EUSART_SetTxInterruptHandler		CODE           	103E	0000	10
		_EUSART_Initialize		CODE           	0E38	0000	78

mcc_generated_files/eusart.c estimated size: 98

main.c
		_triggerAlarm  		CODE           	0950	0000	186
		_processAlarm  		CODE           	0D94	0000	82
		_displayTime   		CODE           	0A0A	0000	180
		_loadTimeFromFlash		CODE           	0D3A	0000	90
		_saveTimeToFlash		CODE           	0CC0	0000	122
		_displayAlarmTime		CODE           	0ABE	0000	180
		_main          		CODE           	05B4	0000	298
		_clearAlarm    		CODE           	101C	0000	12
		_btGetData     		CODE           	0C22	0000	158
		_checkButtons  		CODE           	0068	0000	662

main.c estimated size: 1970

