Microchip MPLAB XC8 Compiler V2.46

Linker command line:

-W-3 \
  --edf=C:\Program Files\Microchip\xc8\v2.46\pic\dat\20240104201356_en.msgs \
  -cn -h+dist/default/production\test5.X.production.sym \
  --cmf=dist/default/production\test5.X.production.cmf -z -Q18F26K20 \
  -oC:\Users\martin\AppData\Local\Temp\xcAsf7s.\driver_tmp_3.o \
  --defsym=__MPLAB_BUILD=1 --fixupoverflow=error \
  -Mdist/default/production/test5.X.production.map \
  --md=C:\Users\martin\AppData\Local\Temp\xcAsf7s.\driver_tmp_0.dat -E1 \
  -ver=XC8 Compiler --acfsm=1493 -ACODE=00h-0FFFFh -ACONST=00h-0FFFFh \
  -ASMALLCONST=01000h-010FFhx240 -AMEDIUMCONST=01000h-0FFFFh \
  -ACOMRAM=01h-05Fh -AABS1=00h-0F5Fh -ABIGRAM=01h-0F5Fh \
  -ARAM=060h-0FFh,0100h-01FFhx14,0F00h-0F5Fh -ABANK0=060h-0FFh \
  -ABANK1=0100h-01FFh -ABANK2=0200h-02FFh -ABANK3=0300h-03FFh \
  -ABANK4=0400h-04FFh -ABANK5=0500h-05FFh -ABANK6=0600h-06FFh \
  -ABANK7=0700h-07FFh -ABANK8=0800h-08FFh -ABANK9=0900h-09FFh \
  -ABANK10=0A00h-0AFFh -ABANK11=0B00h-0BFFh -ABANK12=0C00h-0CFFh \
  -ABANK13=0D00h-0DFFh -ABANK14=0E00h-0EFFh -ABANK15=0F00h-0F5Fh \
  -ASFR=0F60h-0FFFh -ABIGSFR=0F60h-0FFFh -ACONFIG=0300000h-030000Dh \
  -AIDLOC=0200000h-0200007h -AEEDATA=0F00000h-0F003FFh -peeprom_data=EEDATA \
  -preset_vec=00h,intcode,sivt_hi,intcodelo,sivt_lo,powerup,init \
  -pramtop=01000h -psmallconst=SMALLCONST -pmediumconst=MEDIUMCONST \
  -pconst=CONST -AFARRAM=00h-00h \
  -prdata=COMRAM,nvrram=COMRAM,nvbit=COMRAM,rbss=COMRAM,rbit=COMRAM \
  -pfarbss=FARRAM,fardata=FARRAM,nvFARRAM=FARRAM \
  -pintsave_regs=BIGRAM,bigbss=BIGRAM,bigdata=BIGRAM -pbss=RAM \
  -pidata=CODE,irdata=CODE,ibigdata=CODE,ifardata=CODE -prparam=COMRAM \
  C:\Users\martin\AppData\Local\Temp\xcAsf7s.\driver_tmp_9.o \
  dist/default/production\test5.X.production.o 

Object code version is 3.11

Machine type is 18F26K20



                Name                               Link     Load   Length Selector   Space Scale
C:\Users\martin\AppData\Local\Temp\xcAsf7s.\driver_tmp_9.o
                idloc                            200000   200000        8        0       5
                config                           300000   300000        E        0       4
                init                                  0        0        4        0       0
dist/default/production\test5.X.production.o
                idloc                            200000   200000        8        0       5
                config                           300000   300000        E        0       4
                mediumconst                        F7F8     F7F8      808     7BFC       0
                text31                             EA38     EA38       16     751C       0
                text30                             E9C2     E9C2        A     74E1       0
                text29                             EAA4     EAA4       22     7552       0
                text28                             E9E4     E9E4        E     74F2       0
                text27                             E9F2     E9F2        E     74F9       0
                text26                             EAC6     EAC6       28     7563       0
                text25                             EA00     EA00       12     7500       0
                text24                             EA68     EA68       1E     7534       0
                text23                             EA24     EA24       14     7512       0
                text22                             E9CC     E9CC        C     74E6       0
                text21                             E9BE     E9BE        4     74DF       0
                text20                             E9D8     E9D8        C     74EC       0
                text19                             EE2C     EE2C       B0     7716       0
                text18                             EA4E     EA4E       1A     7527       0
                text17                             F104     F104       C4     7882       0
                text16                             F044     F044       C0     7822       0
                text15                             F2B2     F2B2      12E     7959       0
                text14                             F3E0     F3E0      186     79F0       0
                text13                             EEDC     EEDC       B4     776E       0
                text12                             EF90     EF90       B4     77C8       0
                text11                             EA12     EA12       12     7509       0
                text10                             EAEE     EAEE       34     7577       0
                text9                              F1C8     F1C8       EA     78E4       0
                text8                              EC86     EC86       6E     7643       0
                text7                              F566     F566      292     7AB3       0
                text6                              EC30     EC30       56     7618       0
                text5                              EBDE     EBDE       52     75EF       0
                text4                              EB22     EB22       34     7591       0
                text3                              EB56     EB56       38     75AB       0
                text2                              ED82     ED82       AA     76C1       0
                text1                              EB8E     EB8E       50     75C7       0
                text0                              ECF4     ECF4       8E     767A       0
                cstackCOMRAM                          1        1       5B        1       1
                cstackBANK0                          B0       B0        C       60       1
                bssBANK0                             60       60       50       60       1
                bssCOMRAM                            5C       5C        4        1       1
                cinit                              EA86     EA86       1E     7543       0

TOTAL           Name                               Link     Load   Length     Space
        CLASS   CODE           
                init                                  0        0        4         0
                text31                             EA38     EA38       16         0
                text30                             E9C2     E9C2        A         0
                text29                             EAA4     EAA4       22         0
                text28                             E9E4     E9E4        E         0
                text27                             E9F2     E9F2        E         0
                text26                             EAC6     EAC6       28         0
                text25                             EA00     EA00       12         0
                text24                             EA68     EA68       1E         0
                text23                             EA24     EA24       14         0
                text22                             E9CC     E9CC        C         0
                text21                             E9BE     E9BE        4         0
                text20                             E9D8     E9D8        C         0
                text19                             EE2C     EE2C       B0         0
                text18                             EA4E     EA4E       1A         0
                text17                             F104     F104       C4         0
                text16                             F044     F044       C0         0
                text15                             F2B2     F2B2      12E         0
                text14                             F3E0     F3E0      186         0
                text13                             EEDC     EEDC       B4         0
                text12                             EF90     EF90       B4         0
                text11                             EA12     EA12       12         0
                text10                             EAEE     EAEE       34         0
                text9                              F1C8     F1C8       EA         0
                text8                              EC86     EC86       6E         0
                text7                              F566     F566      292         0
                text6                              EC30     EC30       56         0
                text5                              EBDE     EBDE       52         0
                text4                              EB22     EB22       34         0
                text3                              EB56     EB56       38         0
                text2                              ED82     ED82       AA         0
                text1                              EB8E     EB8E       50         0
                text0                              ECF4     ECF4       8E         0
                cinit                              EA86     EA86       1E         0

        CLASS   CONST          

        CLASS   SMALLCONST     

        CLASS   MEDIUMCONST    
                mediumconst                        F7F8     F7F8      808         0

        CLASS   COMRAM         
                cstackCOMRAM                          1        1       5B         1
                bssCOMRAM                            5C       5C        4         1

        CLASS   ABS1           

        CLASS   BIGRAM         

        CLASS   RAM            

        CLASS   BANK0          
                cstackBANK0                          B0       B0        C         1
                bssBANK0                             60       60       50         1

        CLASS   BANK1          

        CLASS   BANK2          

        CLASS   BANK3          

        CLASS   BANK4          

        CLASS   BANK5          

        CLASS   BANK6          

        CLASS   BANK7          

        CLASS   BANK8          

        CLASS   BANK9          

        CLASS   BANK10         

        CLASS   BANK11         

        CLASS   BANK12         

        CLASS   BANK13         

        CLASS   BANK14         

        CLASS   BANK15         

        CLASS   SFR            

        CLASS   BIGSFR         

        CLASS   CONFIG         
                config                           300000   300000        E         4

        CLASS   IDLOC          
                idloc                            200000   200000        8         5

        CLASS   EEDATA         

        CLASS   FARRAM         

        CLASS   HEAP           

        CLASS   STACK          



SEGMENTS        Name                           Load    Length   Top    Selector   Space  Class

                reset_vec                      000000  000004  000004         0       0  CODE    
                cstackCOMRAM                   000001  00005F  000060         1       1  COMRAM  
                bssBANK0                       000060  00005C  0000BC        60       1  BANK0   
                text21                         00E9BE  000004  00E9C2      74DF       0  CODE    
                text30                         00E9C2  00000A  00E9CC      74E1       0  CODE    
                text22                         00E9CC  00000C  00E9D8      74E6       0  CODE    
                text20                         00E9D8  00000C  00E9E4      74EC       0  CODE    
                text28                         00E9E4  00000E  00E9F2      74F2       0  CODE    
                text27                         00E9F2  00000E  00EA00      74F9       0  CODE    
                text25                         00EA00  000012  00EA12      7500       0  CODE    
                text11                         00EA12  000012  00EA24      7509       0  CODE    
                text23                         00EA24  000014  00EA38      7512       0  CODE    
                text31                         00EA38  000016  00EA4E      751C       0  CODE    
                text18                         00EA4E  00001A  00EA68      7527       0  CODE    
                text24                         00EA68  00001E  00EA86      7534       0  CODE    
                cinit                          00EA86  00001E  00EAA4      7543       0  CODE    
                text29                         00EAA4  000022  00EAC6      7552       0  CODE    
                text26                         00EAC6  000028  00EAEE      7563       0  CODE    
                text10                         00EAEE  000034  00EB22      7577       0  CODE    
                text4                          00EB22  000034  00EB56      7591       0  CODE    
                text3                          00EB56  000038  00EB8E      75AB       0  CODE    
                text1                          00EB8E  000050  00EBDE      75C7       0  CODE    
                text5                          00EBDE  000052  00EC30      75EF       0  CODE    
                text6                          00EC30  000056  00EC86      7618       0  CODE    
                text8                          00EC86  00006E  00ECF4      7643       0  CODE    
                text0                          00ECF4  00008E  00ED82      767A       0  CODE    
                text2                          00ED82  0000AA  00EE2C      76C1       0  CODE    
                text19                         00EE2C  0000B0  00EEDC      7716       0  CODE    
                text13                         00EEDC  0000B4  00EF90      776E       0  CODE    
                text12                         00EF90  0000B4  00F044      77C8       0  CODE    
                text16                         00F044  0000C0  00F104      7822       0  CODE    
                text17                         00F104  0000C4  00F1C8      7882       0  CODE    
                text9                          00F1C8  0000EA  00F2B2      78E4       0  CODE    
                text15                         00F2B2  00012E  00F3E0      7959       0  CODE    
                text14                         00F3E0  000186  00F566      79F0       0  CODE    
                text7                          00F566  000292  00F7F8      7AB3       0  CODE    
                mediumconst                    00F7F8  000808  010000      7BFC       0  MEDIUMCO


UNUSED ADDRESS RANGES

        Name                Unused          Largest block    Delta
        BANK0            0000BC-0000FF               44
        BANK1            000100-0001FF              100
        BANK10           000A00-000AFF              100
        BANK11           000B00-000BFF              100
        BANK12           000C00-000CFF              100
        BANK13           000D00-000DFF              100
        BANK14           000E00-000EFF              100
        BANK15           000F00-000F5F               60
        BANK2            000200-0002FF              100
        BANK3            000300-0003FF              100
        BANK4            000400-0004FF              100
        BANK5            000500-0005FF              100
        BANK6            000600-0006FF              100
        BANK7            000700-0007FF              100
        BANK8            000800-0008FF              100
        BANK9            000900-0009FF              100
        BIGRAM           0000BC-000F5F              EA4
        BIGSFR           000F60-000FFF               A0
        CODE             000004-00E9BD             E9BA
        CONST            000004-00E9BD             E9BA
        EEDATA           F00000-F003FF              400
        MEDIUMCONST      001000-00E9BD             D9BE
        RAM              0000BC-000F5F              100
        SFR              000F60-000FFF               A0
        SMALLCONST       001000-00E9BD              100

                                  Symbol Table

?___awdiv                            cstackCOMRAM 000001
?___awmod                            cstackCOMRAM 000001
FLASH_EraseBlock@GIEBitValue         cstackCOMRAM 000005
FLASH_EraseBlock@baseAddr            cstackCOMRAM 000001
FLASH_ReadByte@flashAddr             cstackCOMRAM 000001
FLASH_WriteBlock@GIEBitValue         cstackCOMRAM 00000F
FLASH_WriteBlock@blockStartAddr      cstackCOMRAM 00000B
FLASH_WriteBlock@dataCounter         cstackCOMRAM 000012
FLASH_WriteBlock@flashWrBufPtr       cstackCOMRAM 00000A
FLASH_WriteBlock@i                   cstackCOMRAM 000013
FLASH_WriteBlock@j                   cstackCOMRAM 000010
FLASH_WriteBlock@numberOfWriteBlocks cstackCOMRAM 000011
FLASH_WriteBlock@writeAddr           cstackCOMRAM 000006
SPI_Exchange8bit@data                cstackCOMRAM 000001
_ANSEL                               (abs)        000F7E
_ANSELH                              (abs)        000F7F
_BAUDCON                             (abs)        000FB8
_CCP2CON                             (abs)        000FBA
_CCPR2H                              (abs)        000FBC
_CCPR2L                              (abs)        000FBB
_EEADR                               (abs)        000FA9
_EEADRH                              (abs)        000FAA
_EECON1bits                          (abs)        000FA6
_EECON2                              (abs)        000FA7
_EEDATA                              (abs)        000FA8
_EUSART_Initialize                   text31       00EA38
_FLASH_EraseBlock                    text10       00EAEE
_FLASH_ReadByte                      text11       00EA12
_FLASH_WriteBlock                    text9        00F1C8
_INTCON2bits                         (abs)        000FF1
_INTCONbits                          (abs)        000FF2
_LATA                                (abs)        000F89
_LATB                                (abs)        000F8A
_LATC                                (abs)        000F8B
_LATCbits                            (abs)        000F8B
_MAX7219_Dot_Matrix_font             mediumconst  00F7F9
_OSCCON                              (abs)        000FD3
_OSCILLATOR_Initialize               text30       00E9C2
_OSCTUNE                             (abs)        000F9B
_PIN_MANAGER_Initialize              text29       00EAA4
_PIR1bits                            (abs)        000F9E
_PIR2bits                            (abs)        000FA1
_PORTBbits                           (abs)        000F81
_PR2                                 (abs)        000FCB
_PWM2_Initialize                     text28       00E9E4
_RCREG                               (abs)        000FAE
_RCSTA                               (abs)        000FAB
_RCSTAbits                           (abs)        000FAB
_SPBRG                               (abs)        000FAF
_SPBRGH                              (abs)        000FB0
_SPI_Exchange8bit                    text18       00EA4E
_SPI_Initialize                      text27       00E9F2
_SSPADD                              (abs)        000FC8
_SSPBUF                              (abs)        000FC9
_SSPCON1                             (abs)        000FC6
_SSPCON1bits                         (abs)        000FC6
_SSPSTAT                             (abs)        000FC7
_SSPSTATbits                         (abs)        000FC7
_SYSTEM_Initialize                   text24       00EA68
_T0CON                               (abs)        000FD5
_T0CONbits                           (abs)        000FD5
_T2CON                               (abs)        000FCA
_T2CONbits                           (abs)        000FCA
_TABLAT                              (abs)        000FF5
_TBLPTRH                             (abs)        000FF7
_TBLPTRL                             (abs)        000FF6
_TBLPTRU                             (abs)        000FF8
_TMR0H                               (abs)        000FD7
_TMR0L                               (abs)        000FD6
_TMR0_HasOverflowOccured             text23       00EA24
_TMR0_Initialize                     text26       00EAC6
_TMR0_Reload                         text22       00E9CC
_TMR0_StartTimer                     text21       00E9BE
_TMR2                                (abs)        000FCC
_TMR2_Initialize                     text25       00EA00
_TRISA                               (abs)        000F92
_TRISB                               (abs)        000F93
_TRISC                               (abs)        000F94
_TXREG                               (abs)        000FAD
_TXSTA                               (abs)        000FAC
_TXSTAbits                           (abs)        000FAC
_WPUB                                (abs)        000F7C
__HRAM                               (abs)        000000
__H__absolute__                      __absolute__ 000000
__Habs1                              abs1         000000
__Hbank0                             bank0        000000
__Hbank1                             bank1        000000
__Hbank10                            bank10       000000
__Hbank11                            bank11       000000
__Hbank12                            bank12       000000
__Hbank13                            bank13       000000
__Hbank14                            bank14       000000
__Hbank15                            bank15       000000
__Hbank2                             bank2        000000
__Hbank3                             bank3        000000
__Hbank4                             bank4        000000
__Hbank5                             bank5        000000
__Hbank6                             bank6        000000
__Hbank7                             bank7        000000
__Hbank8                             bank8        000000
__Hbank9                             bank9        000000
__Hbigbss                            bigbss       000000
__Hbigdata                           bigdata      000000
__Hbigram                            bigram       000000
__Hbigsfr                            bigsfr       000000
__Hbss                               bss          000000
__HbssBANK0                          bssBANK0     000000
__HbssCOMRAM                         bssCOMRAM    000000
__Hcinit                             cinit        000000
__Hclrtext                           clrtext      000000
__Hcomram                            comram       000000
__Hconfig                            config       30000E
__Hconst                             const        000000
__HcstackBANK0                       cstackBANK0  000000
__HcstackCOMRAM                      cstackCOMRAM 000000
__Hdata                              data         000000
__Heeprom_data                       eeprom_data  000000
__Hfarbss                            farbss       000000
__Hfardata                           fardata      000000
__Hheap                              heap         000000
__Hibigdata                          ibigdata     000000
__Hidata                             idata        000000
__Hidloc                             idloc        200008
__Hifardata                          ifardata     000000
__Hinit                              init         000004
__Hintcode                           intcode      000000
__Hintcode_body                      intcode_body 000000
__Hintcodelo                         intcodelo    000000
__Hintentry                          intentry     000000
__Hintret                            intret       000000
__Hintsave_regs                      intsave_regs 000000
__Hirdata                            irdata       000000
__Hmediumconst                       mediumconst  010000
__HnvFARRAM                          nvFARRAM     000000
__Hnvbit                             nvbit        000000
__Hnvrram                            nvrram       000000
__Hparam                             rparam       000000
__Hpowerup                           powerup      000000
__Hram                               ram          000000
__Hramtop                            ramtop       001000
__Hrbit                              rbit         000000
__Hrbss                              rbss         000000
__Hrdata                             rdata        000000
__Hreset_vec                         reset_vec    000000
__Hrparam                            rparam       000000
__Hsfr                               sfr          000000
__Hsivt_hi                           sivt_hi      000000
__Hsivt_lo                           sivt_lo      000000
__Hsmallconst                        smallconst   000000
__Hspace_0                           (abs)        010000
__Hspace_1                           (abs)        0000BC
__Hspace_2                           (abs)        000000
__Hspace_4                           (abs)        60000E
__Hstack                             stack        000000
__Hstruct                            struct       000000
__Htemp                              temp         000000
__Htext                              text         000000
__Htext0                             text0        000000
__Htext1                             text1        000000
__Htext10                            text10       000000
__Htext11                            text11       000000
__Htext12                            text12       000000
__Htext13                            text13       000000
__Htext14                            text14       000000
__Htext15                            text15       000000
__Htext16                            text16       000000
__Htext17                            text17       000000
__Htext18                            text18       000000
__Htext19                            text19       000000
__Htext2                             text2        000000
__Htext20                            text20       000000
__Htext21                            text21       000000
__Htext22                            text22       000000
__Htext23                            text23       000000
__Htext24                            text24       000000
__Htext25                            text25       000000
__Htext26                            text26       000000
__Htext27                            text27       000000
__Htext28                            text28       000000
__Htext29                            text29       000000
__Htext3                             text3        000000
__Htext30                            text30       000000
__Htext31                            text31       000000
__Htext4                             text4        000000
__Htext5                             text5        000000
__Htext6                             text6        000000
__Htext7                             text7        000000
__Htext8                             text8        000000
__Htext9                             text9        000000
__LRAM                               (abs)        000001
__L__absolute__                      __absolute__ 000000
__Labs1                              abs1         000000
__Lbank0                             bank0        000000
__Lbank1                             bank1        000000
__Lbank10                            bank10       000000
__Lbank11                            bank11       000000
__Lbank12                            bank12       000000
__Lbank13                            bank13       000000
__Lbank14                            bank14       000000
__Lbank15                            bank15       000000
__Lbank2                             bank2        000000
__Lbank3                             bank3        000000
__Lbank4                             bank4        000000
__Lbank5                             bank5        000000
__Lbank6                             bank6        000000
__Lbank7                             bank7        000000
__Lbank8                             bank8        000000
__Lbank9                             bank9        000000
__Lbigbss                            bigbss       000000
__Lbigdata                           bigdata      000000
__Lbigram                            bigram       000000
__Lbigsfr                            bigsfr       000000
__Lbss                               bss          000000
__LbssBANK0                          bssBANK0     000000
__LbssCOMRAM                         bssCOMRAM    000000
__Lcinit                             cinit        000000
__Lclrtext                           clrtext      000000
__Lcomram                            comram       000000
__Lconfig                            config       000000
__Lconst                             const        000000
__LcstackBANK0                       cstackBANK0  000000
__LcstackCOMRAM                      cstackCOMRAM 000000
__Ldata                              data         000000
__Leeprom_data                       eeprom_data  000000
__Lfarbss                            farbss       000000
__Lfardata                           fardata      000000
__Lheap                              heap         000000
__Libigdata                          ibigdata     000000
__Lidata                             idata        000000
__Lidloc                             idloc        000000
__Lifardata                          ifardata     000000
__Linit                              init         000000
__Lintcode                           intcode      000000
__Lintcode_body                      intcode_body 000000
__Lintcodelo                         intcodelo    000000
__Lintentry                          intentry     000000
__Lintret                            intret       000000
__Lintsave_regs                      intsave_regs 000000
__Lirdata                            irdata       000000
__Lmediumconst                       mediumconst  00F7F8
__LnvFARRAM                          nvFARRAM     000000
__Lnvbit                             nvbit        000000
__Lnvrram                            nvrram       000000
__Lparam                             rparam       000000
__Lpowerup                           powerup      000000
__Lram                               ram          000000
__Lramtop                            ramtop       001000
__Lrbit                              rbit         000000
__Lrbss                              rbss         000000
__Lrdata                             rdata        000000
__Lreset_vec                         reset_vec    000000
__Lrparam                            rparam       000000
__Lsfr                               sfr          000000
__Lsivt_hi                           sivt_hi      000000
__Lsivt_lo                           sivt_lo      000000
__Lsmallconst                        smallconst   000000
__Lspace_0                           (abs)        000000
__Lspace_1                           (abs)        000000
__Lspace_2                           (abs)        000000
__Lspace_4                           (abs)        000000
__Lstack                             stack        000000
__Lstruct                            struct       000000
__Ltemp                              temp         000000
__Ltext                              text         000000
__Ltext0                             text0        000000
__Ltext1                             text1        000000
__Ltext10                            text10       000000
__Ltext11                            text11       000000
__Ltext12                            text12       000000
__Ltext13                            text13       000000
__Ltext14                            text14       000000
__Ltext15                            text15       000000
__Ltext16                            text16       000000
__Ltext17                            text17       000000
__Ltext18                            text18       000000
__Ltext19                            text19       000000
__Ltext2                             text2        000000
__Ltext20                            text20       000000
__Ltext21                            text21       000000
__Ltext22                            text22       000000
__Ltext23                            text23       000000
__Ltext24                            text24       000000
__Ltext25                            text25       000000
__Ltext26                            text26       000000
__Ltext27                            text27       000000
__Ltext28                            text28       000000
__Ltext29                            text29       000000
__Ltext3                             text3        000000
__Ltext30                            text30       000000
__Ltext31                            text31       000000
__Ltext4                             text4        000000
__Ltext5                             text5        000000
__Ltext6                             text6        000000
__Ltext7                             text7        000000
__Ltext8                             text8        000000
__Ltext9                             text9        000000
__S0                                 (abs)        010000
__S1                                 (abs)        0000BC
__S4                                 (abs)        000000
__S5                                 (abs)        000000
___awdiv                             text17       00F104
___awdiv@counter                     cstackCOMRAM 000005
___awdiv@dividend                    cstackCOMRAM 000001
___awdiv@divisor                     cstackCOMRAM 000003
___awdiv@quotient                    cstackCOMRAM 000007
___awdiv@sign                        cstackCOMRAM 000006
___awmod                             text19       00EE2C
___awmod@counter                     cstackCOMRAM 000005
___awmod@dividend                    cstackCOMRAM 000001
___awmod@divisor                     cstackCOMRAM 000003
___awmod@sign                        cstackCOMRAM 000006
___heap_hi                           (abs)        000000
___heap_lo                           (abs)        000000
___inthi_sp                          stack        000000
___inthi_stack_hi                    stack        000000
___inthi_stack_lo                    stack        000000
___intlo_sp                          stack        000000
___intlo_stack_hi                    stack        000000
___intlo_stack_lo                    stack        000000
___param_bank                        (abs)        000000
___rparam_used                       (abs)        000001
___sp                                stack        000000
___stack_hi                          stack        000000
___stack_lo                          stack        000000
__accesstop                          (abs)        000060
__activetblptr                       (abs)        000002
__end_of_EUSART_Initialize           text31       00EA4E
__end_of_FLASH_EraseBlock            text10       00EB22
__end_of_FLASH_ReadByte              text11       00EA24
__end_of_FLASH_WriteBlock            text9        00F2B2
__end_of_MAX7219_Dot_Matrix_font     mediumconst  00FFF9
__end_of_OSCILLATOR_Initialize       text30       00E9CC
__end_of_PIN_MANAGER_Initialize      text29       00EAC6
__end_of_PWM2_Initialize             text28       00E9F2
__end_of_SPI_Exchange8bit            text18       00EA68
__end_of_SPI_Initialize              text27       00EA00
__end_of_SYSTEM_Initialize           text24       00EA86
__end_of_TMR0_HasOverflowOccured     text23       00EA38
__end_of_TMR0_Initialize             text26       00EAEE
__end_of_TMR0_Reload                 text22       00E9D8
__end_of_TMR0_StartTimer             text21       00E9C2
__end_of_TMR2_Initialize             text25       00EA12
__end_of___awdiv                     text17       00F1C8
__end_of___awmod                     text19       00EEDC
__end_of__initialization             cinit        00EA9A
__end_of_checkButtons                text7        00F7F8
__end_of_clearAlarm                  text20       00E9E4
__end_of_clearDisplay                text3        00EB8E
__end_of_displayAlarmTime            text13       00EF90
__end_of_displayTime                 text12       00F044
__end_of_flushBuffer                 text15       00F3E0
__end_of_loadTimeFromFlash           text6        00EC86
__end_of_main                        text0        00ED82
__end_of_matrixInit                  text4        00EB56
__end_of_max7219_cmd                 text5        00EC30
__end_of_max_write                   text16       00F104
__end_of_printString                 text14       00F566
__end_of_processAlarm                text1        00EBDE
__end_of_saveTimeToFlash             text8        00ECF4
__end_of_triggerAlarm                text2        00EE2C
__initialization                     cinit        00EA86
__mediumconst                        mediumconst  00F7F8
__pbssBANK0                          bssBANK0     000060
__pbssCOMRAM                         bssCOMRAM    00005C
__pcinit                             cinit        00EA86
__pcstackBANK0                       cstackBANK0  0000B0
__pcstackCOMRAM                      cstackCOMRAM 000001
__pmediumconst                       mediumconst  00F7F8
__ptext0                             text0        00ECF4
__ptext1                             text1        00EB8E
__ptext10                            text10       00EAEE
__ptext11                            text11       00EA12
__ptext12                            text12       00EF90
__ptext13                            text13       00EEDC
__ptext14                            text14       00F3E0
__ptext15                            text15       00F2B2
__ptext16                            text16       00F044
__ptext17                            text17       00F104
__ptext18                            text18       00EA4E
__ptext19                            text19       00EE2C
__ptext2                             text2        00ED82
__ptext20                            text20       00E9D8
__ptext21                            text21       00E9BE
__ptext22                            text22       00E9CC
__ptext23                            text23       00EA24
__ptext24                            text24       00EA68
__ptext25                            text25       00EA00
__ptext26                            text26       00EAC6
__ptext27                            text27       00E9F2
__ptext28                            text28       00E9E4
__ptext29                            text29       00EAA4
__ptext3                             text3        00EB56
__ptext30                            text30       00E9C2
__ptext31                            text31       00EA38
__ptext4                             text4        00EB22
__ptext5                             text5        00EBDE
__ptext6                             text6        00EC30
__ptext7                             text7        00F566
__ptext8                             text8        00EC86
__ptext9                             text9        00F1C8
__ramtop                             ramtop       001000
__smallconst                         smallconst   000000
_alarmActive                         bssBANK0     0000AB
_alarmHours                          bssBANK0     0000AE
_alarmMinutes                        bssBANK0     0000AD
_alarmSet                            bssBANK0     0000AC
_alarmTriggered                      bssCOMRAM    00005D
_blinkTimer                          bssBANK0     0000A6
_bufferCol                           bssBANK0     000080
_button3PressTime                    bssBANK0     0000A4
_checkButtons                        text7        00F566
_clearAlarm                          text20       00E9D8
_clearDisplay                        text3        00EB56
_displayAlarmTime                    text13       00EEDC
_displayBlinking                     bssBANK0     0000AA
_displayTime                         text12       00EF90
_flushBuffer                         text15       00F2B2
_hours                               bssCOMRAM    00005F
_isButton3Pressed                    bssBANK0     0000A9
_loadTimeFromFlash                   text6        00EC30
_main                                text0        00ECF4
_matrixInit                          text4        00EB22
_max7219_cmd                         text5        00EBDE
_max_write                           text16       00F044
_minutes                             bssCOMRAM    00005E
_printString                         text14       00F3E0
_processAlarm                        text1        00EB8E
_saveTimeToFlash                     text8        00EC86
_seconds                             bssBANK0     0000AF
_timer0ReloadVal                     bssBANK0     0000A0
_triggerAlarm                        text2        00ED82
checkButtons@alarmSettingMode        bssCOMRAM    00005C
checkButtons@button3HoldTime         bssBANK0     0000A2
checkButtons@button3PressCount       bssBANK0     0000A8
clearDisplay@i                       cstackCOMRAM 000041
displayAlarmTime@alarmTimeString     cstackBANK0  0000B5
displayAlarmTime@displayString       cstackBANK0  0000B0
displayAlarmTime@i                   cstackBANK0  0000BA
displayTime@displayString            cstackBANK0  0000B0
displayTime@i                        cstackBANK0  0000BA
displayTime@timeString               cstackBANK0  0000B5
end_of_initialization                cinit        00EA9A
flushBuffer@bufferRow                cstackCOMRAM 000019
flushBuffer@dev                      cstackCOMRAM 000039
flushBuffer@i                        cstackCOMRAM 00003F
flushBuffer@j                        cstackCOMRAM 00003B
flushBuffer@row                      cstackCOMRAM 00003D
intlevel0                            text         000000
intlevel1                            text         000000
intlevel2                            text         000000
intlevel3                            text         000000
isa$std                              (abs)        000001
isa$xinst                            (abs)        000000
max7219_cmd@Addr                     cstackCOMRAM 000005
max7219_cmd@data                     cstackCOMRAM 000002
max7219_cmd@i                        cstackCOMRAM 000008
max7219_cmd@writeData                cstackCOMRAM 000006
max_write@data                       cstackCOMRAM 00000B
max_write@dev                        cstackCOMRAM 000012
max_write@devTarget                  cstackCOMRAM 000010
max_write@offset                     cstackCOMRAM 00000E
max_write@row                        cstackCOMRAM 000009
max_write@writeData                  cstackCOMRAM 000014
printString@data                     cstackCOMRAM 00004D
printString@i                        cstackCOMRAM 000050
printString@indx                     cstackCOMRAM 00004B
printString@j                        cstackCOMRAM 000054
printString@k                        cstackCOMRAM 000052
printString@str                      cstackCOMRAM 000041
printString@strindx                  cstackCOMRAM 00004E
saveTimeToFlash@flashAddress         cstackCOMRAM 000054
saveTimeToFlash@flashBuffer          cstackCOMRAM 000014
saveTimeToFlash@i                    cstackCOMRAM 000058
stackhi                              (abs)        000000
stacklo                              (abs)        000000
start                                init         000000
start_initialization                 cinit        00EA86
triggerAlarm@i                       cstackCOMRAM 00005A
triggerAlarm@numCycles               cstackCOMRAM 000058


MODULE INFORMATION

Module		Function		Class		Link	Load	Size
MAX7219.c
		_printString   		CODE           	F3E0	0000	390
		_clearDisplay  		CODE           	EB56	0000	56
		_flushBuffer   		CODE           	F2B2	0000	302
		_max_write     		CODE           	F044	0000	192
		_matrixInit    		CODE           	EB22	0000	52
		_max7219_cmd   		CODE           	EBDE	0000	82

MAX7219.c estimated size: 1074

C:\Program Files\Microchip\xc8\v2.46\pic\sources\c99\common\awdiv.c
		___awdiv       		CODE           	F104	0000	196

C:\Program Files\Microchip\xc8\v2.46\pic\sources\c99\common\awdiv.c estimated size: 196

mcc_generated_files/tmr2.c
		_TMR2_Initialize		CODE           	EA00	0000	18

mcc_generated_files/tmr2.c estimated size: 18

mcc_generated_files/pwm2.c
		_PWM2_Initialize		CODE           	E9E4	0000	14

mcc_generated_files/pwm2.c estimated size: 14

mcc_generated_files/tmr0.c
		_TMR0_Reload   		CODE           	E9CC	0000	12
		_TMR0_StartTimer		CODE           	E9BE	0000	4
		_TMR0_HasOverflowOccured		CODE           	EA24	0000	20
		_TMR0_Initialize		CODE           	EAC6	0000	40

mcc_generated_files/tmr0.c estimated size: 76

mcc_generated_files/pin_manager.c
		_PIN_MANAGER_Initialize		CODE           	EAA4	0000	34

mcc_generated_files/pin_manager.c estimated size: 34

mcc_generated_files/spi.c
		_SPI_Exchange8bit		CODE           	EA4E	0000	26
		_SPI_Initialize		CODE           	E9F2	0000	14

mcc_generated_files/spi.c estimated size: 40

shared
		__initialization		CODE           	EA86	0000	20
		_MAX7219_Dot_Matrix_font		MEDIUMCONST    	F7F9	0000	2048

shared estimated size: 2068

mcc_generated_files/mcc.c
		_OSCILLATOR_Initialize		CODE           	E9C2	0000	10
		_SYSTEM_Initialize		CODE           	EA68	0000	30

mcc_generated_files/mcc.c estimated size: 40

mcc_generated_files/memory.c
		_FLASH_EraseBlock		CODE           	EAEE	0000	52
		_FLASH_ReadByte		CODE           	EA12	0000	18
		_FLASH_WriteBlock		CODE           	F1C8	0000	234

mcc_generated_files/memory.c estimated size: 304

C:\Program Files\Microchip\xc8\v2.46\pic\sources\c99\common\awmod.c
		___awmod       		CODE           	EE2C	0000	176

C:\Program Files\Microchip\xc8\v2.46\pic\sources\c99\common\awmod.c estimated size: 176

mcc_generated_files/eusart.c
		_EUSART_Initialize		CODE           	EA38	0000	22

mcc_generated_files/eusart.c estimated size: 22

main.c
		_triggerAlarm  		CODE           	ED82	0000	170
		_processAlarm  		CODE           	EB8E	0000	80
		_displayTime   		CODE           	EF90	0000	180
		_loadTimeFromFlash		CODE           	EC30	0000	86
		_saveTimeToFlash		CODE           	EC86	0000	110
		_displayAlarmTime		CODE           	EEDC	0000	180
		_main          		CODE           	ECF4	0000	142
		_clearAlarm    		CODE           	E9D8	0000	12
		_checkButtons  		CODE           	F566	0000	658

main.c estimated size: 1618

